// Jest Snapshot v1, https://goo.gl/fbAQLP

exports[` 1`] = `
"export class Query$argsObjectArr2D {
  private static _: any;
  static typeProp = \\"query\\";
  static type = \\"Query\\";
  static prop = \\"argsObjectArr2D\\";
  static inputTypes = {
    a: \\"String!\\",
    b: \\"Float\\",
  };
}

export class Query$argsObjectArrMM {
  private static _: any;
  static typeProp = \\"query\\";
  static type = \\"Query\\";
  static prop = \\"argsObjectArrMM\\";
  static inputTypes = {
    a: \\"String!\\",
    b: \\"Float\\",
  };
}

export class Query$argsObjectArrMN {
  private static _: any;
  static typeProp = \\"query\\";
  static type = \\"Query\\";
  static prop = \\"argsObjectArrMN\\";
  static inputTypes = {
    a: \\"String!\\",
    b: \\"Float\\",
  };
}

export class Query$argsObjectArrNM {
  private static _: any;
  static typeProp = \\"query\\";
  static type = \\"Query\\";
  static prop = \\"argsObjectArrNM\\";
  static inputTypes = {
    a: \\"String!\\",
    b: \\"Float\\",
  };
}

export class Query$argsObjectArrNN {
  private static _: any;
  static typeProp = \\"query\\";
  static type = \\"Query\\";
  static prop = \\"argsObjectArrNN\\";
  static inputTypes = {
    a: \\"String!\\",
    b: \\"Float\\",
  };
}

export class Query$argsObjectMand {
  private static _: any;
  static typeProp = \\"query\\";
  static type = \\"Query\\";
  static prop = \\"argsObjectMand\\";
  static inputTypes = {
    a: \\"String!\\",
    b: \\"Float\\",
  };
}

export class Query$argsObjectNull {
  private static _: any;
  static typeProp = \\"query\\";
  static type = \\"Query\\";
  static prop = \\"argsObjectNull\\";
  static inputTypes = {
    a: \\"String!\\",
    b: \\"Float\\",
  };
}

export class Query$argsScalarArr2D {
  private static _: any;
  static typeProp = \\"query\\";
  static type = \\"Query\\";
  static prop = \\"argsScalarArr2D\\";
  static inputTypes = {
    a: \\"String!\\",
    b: \\"Float\\",
  };
}

export class Query$argsScalarArrMM {
  private static _: any;
  static typeProp = \\"query\\";
  static type = \\"Query\\";
  static prop = \\"argsScalarArrMM\\";
  static inputTypes = {
    a: \\"String!\\",
    b: \\"Float\\",
  };
}

export class Query$argsScalarArrMN {
  private static _: any;
  static typeProp = \\"query\\";
  static type = \\"Query\\";
  static prop = \\"argsScalarArrMN\\";
  static inputTypes = {
    a: \\"String!\\",
    b: \\"Float\\",
  };
}

export class Query$argsScalarArrNM {
  private static _: any;
  static typeProp = \\"query\\";
  static type = \\"Query\\";
  static prop = \\"argsScalarArrNM\\";
  static inputTypes = {
    a: \\"String!\\",
    b: \\"Float\\",
  };
}

export class Query$argsScalarArrNN {
  private static _: any;
  static typeProp = \\"query\\";
  static type = \\"Query\\";
  static prop = \\"argsScalarArrNN\\";
  static inputTypes = {
    a: \\"String!\\",
    b: \\"Float\\",
  };
}

export class Query$argsScalarMand {
  private static _: any;
  static typeProp = \\"query\\";
  static type = \\"Query\\";
  static prop = \\"argsScalarMand\\";
  static inputTypes = {
    a: \\"String!\\",
    b: \\"Float\\",
  };
}

export class Query$argsScalarNull {
  private static _: any;
  static typeProp = \\"query\\";
  static type = \\"Query\\";
  static prop = \\"argsScalarNull\\";
  static inputTypes = {
    a: \\"String!\\",
    b: \\"Float\\",
  };
}

export class Query$noArgsObjectArr2D {
  private static _: any;
  static typeProp = \\"query\\";
  static type = \\"Query\\";
  static prop = \\"noArgsObjectArr2D\\";
  static inputTypes = {};
}

export class Query$noArgsObjectArrMM {
  private static _: any;
  static typeProp = \\"query\\";
  static type = \\"Query\\";
  static prop = \\"noArgsObjectArrMM\\";
  static inputTypes = {};
}

export class Query$noArgsObjectArrMN {
  private static _: any;
  static typeProp = \\"query\\";
  static type = \\"Query\\";
  static prop = \\"noArgsObjectArrMN\\";
  static inputTypes = {};
}

export class Query$noArgsObjectArrNM {
  private static _: any;
  static typeProp = \\"query\\";
  static type = \\"Query\\";
  static prop = \\"noArgsObjectArrNM\\";
  static inputTypes = {};
}

export class Query$noArgsObjectArrNN {
  private static _: any;
  static typeProp = \\"query\\";
  static type = \\"Query\\";
  static prop = \\"noArgsObjectArrNN\\";
  static inputTypes = {};
}

export class Query$noArgsObjectMand {
  private static _: any;
  static typeProp = \\"query\\";
  static type = \\"Query\\";
  static prop = \\"noArgsObjectMand\\";
  static inputTypes = {};
}

export class Query$noArgsObjectNull {
  private static _: any;
  static typeProp = \\"query\\";
  static type = \\"Query\\";
  static prop = \\"noArgsObjectNull\\";
  static inputTypes = {};
}

export class Query$noArgsScalarArr2D {
  private static _: any;
  static typeProp = \\"query\\";
  static type = \\"Query\\";
  static prop = \\"noArgsScalarArr2D\\";
  static inputTypes = {};
}

export class Query$noArgsScalarArrMM {
  private static _: any;
  static typeProp = \\"query\\";
  static type = \\"Query\\";
  static prop = \\"noArgsScalarArrMM\\";
  static inputTypes = {};
}

export class Query$noArgsScalarArrMN {
  private static _: any;
  static typeProp = \\"query\\";
  static type = \\"Query\\";
  static prop = \\"noArgsScalarArrMN\\";
  static inputTypes = {};
}

export class Query$noArgsScalarArrNM {
  private static _: any;
  static typeProp = \\"query\\";
  static type = \\"Query\\";
  static prop = \\"noArgsScalarArrNM\\";
  static inputTypes = {};
}

export class Query$noArgsScalarArrNN {
  private static _: any;
  static typeProp = \\"query\\";
  static type = \\"Query\\";
  static prop = \\"noArgsScalarArrNN\\";
  static inputTypes = {};
}

export class Query$noArgsScalarMand {
  private static _: any;
  static typeProp = \\"query\\";
  static type = \\"Query\\";
  static prop = \\"noArgsScalarMand\\";
  static inputTypes = {};
}

export class Query$noArgsScalarNull {
  private static _: any;
  static typeProp = \\"query\\";
  static type = \\"Query\\";
  static prop = \\"noArgsScalarNull\\";
  static inputTypes = {};
}

export class Mutation$argsObjectArr2D {
  private static _: any;
  static typeProp = \\"mutation\\";
  static type = \\"Mutation\\";
  static prop = \\"argsObjectArr2D\\";
  static inputTypes = {
    a: \\"String!\\",
    b: \\"Float\\",
  };
}

export class Mutation$argsObjectArrMM {
  private static _: any;
  static typeProp = \\"mutation\\";
  static type = \\"Mutation\\";
  static prop = \\"argsObjectArrMM\\";
  static inputTypes = {
    a: \\"String!\\",
    b: \\"Float\\",
  };
}

export class Mutation$argsObjectArrMN {
  private static _: any;
  static typeProp = \\"mutation\\";
  static type = \\"Mutation\\";
  static prop = \\"argsObjectArrMN\\";
  static inputTypes = {
    a: \\"String!\\",
    b: \\"Float\\",
  };
}

export class Mutation$argsObjectArrNM {
  private static _: any;
  static typeProp = \\"mutation\\";
  static type = \\"Mutation\\";
  static prop = \\"argsObjectArrNM\\";
  static inputTypes = {
    a: \\"String!\\",
    b: \\"Float\\",
  };
}

export class Mutation$argsObjectArrNN {
  private static _: any;
  static typeProp = \\"mutation\\";
  static type = \\"Mutation\\";
  static prop = \\"argsObjectArrNN\\";
  static inputTypes = {
    a: \\"String!\\",
    b: \\"Float\\",
  };
}

export class Mutation$argsObjectMand {
  private static _: any;
  static typeProp = \\"mutation\\";
  static type = \\"Mutation\\";
  static prop = \\"argsObjectMand\\";
  static inputTypes = {
    a: \\"String!\\",
    b: \\"Float\\",
  };
}

export class Mutation$argsObjectNull {
  private static _: any;
  static typeProp = \\"mutation\\";
  static type = \\"Mutation\\";
  static prop = \\"argsObjectNull\\";
  static inputTypes = {
    a: \\"String!\\",
    b: \\"Float\\",
  };
}

export class Mutation$argsScalarArr2D {
  private static _: any;
  static typeProp = \\"mutation\\";
  static type = \\"Mutation\\";
  static prop = \\"argsScalarArr2D\\";
  static inputTypes = {
    a: \\"Boolean!\\",
    b: \\"Int\\",
  };
}

export class Mutation$argsScalarArrMM {
  private static _: any;
  static typeProp = \\"mutation\\";
  static type = \\"Mutation\\";
  static prop = \\"argsScalarArrMM\\";
  static inputTypes = {
    a: \\"Boolean!\\",
    b: \\"Int\\",
  };
}

export class Mutation$argsScalarArrMN {
  private static _: any;
  static typeProp = \\"mutation\\";
  static type = \\"Mutation\\";
  static prop = \\"argsScalarArrMN\\";
  static inputTypes = {
    a: \\"Boolean!\\",
    b: \\"Int\\",
  };
}

export class Mutation$argsScalarArrNM {
  private static _: any;
  static typeProp = \\"mutation\\";
  static type = \\"Mutation\\";
  static prop = \\"argsScalarArrNM\\";
  static inputTypes = {
    a: \\"Boolean!\\",
    b: \\"Int\\",
  };
}

export class Mutation$argsScalarArrNN {
  private static _: any;
  static typeProp = \\"mutation\\";
  static type = \\"Mutation\\";
  static prop = \\"argsScalarArrNN\\";
  static inputTypes = {
    a: \\"Boolean!\\",
    b: \\"Int\\",
  };
}

export class Mutation$argsScalarMand {
  private static _: any;
  static typeProp = \\"mutation\\";
  static type = \\"Mutation\\";
  static prop = \\"argsScalarMand\\";
  static inputTypes = {
    a: \\"Boolean!\\",
    b: \\"Int\\",
  };
}

export class Mutation$argsScalarNull {
  private static _: any;
  static typeProp = \\"mutation\\";
  static type = \\"Mutation\\";
  static prop = \\"argsScalarNull\\";
  static inputTypes = {
    a: \\"Boolean!\\",
    b: \\"Int\\",
  };
}

export class Mutation$noArgsObjectArr2D {
  private static _: any;
  static typeProp = \\"mutation\\";
  static type = \\"Mutation\\";
  static prop = \\"noArgsObjectArr2D\\";
  static inputTypes = {};
}

export class Mutation$noArgsObjectArrMM {
  private static _: any;
  static typeProp = \\"mutation\\";
  static type = \\"Mutation\\";
  static prop = \\"noArgsObjectArrMM\\";
  static inputTypes = {};
}

export class Mutation$noArgsObjectArrMN {
  private static _: any;
  static typeProp = \\"mutation\\";
  static type = \\"Mutation\\";
  static prop = \\"noArgsObjectArrMN\\";
  static inputTypes = {};
}

export class Mutation$noArgsObjectArrNM {
  private static _: any;
  static typeProp = \\"mutation\\";
  static type = \\"Mutation\\";
  static prop = \\"noArgsObjectArrNM\\";
  static inputTypes = {};
}

export class Mutation$noArgsObjectArrNN {
  private static _: any;
  static typeProp = \\"mutation\\";
  static type = \\"Mutation\\";
  static prop = \\"noArgsObjectArrNN\\";
  static inputTypes = {};
}

export class Mutation$noArgsObjectMand {
  private static _: any;
  static typeProp = \\"mutation\\";
  static type = \\"Mutation\\";
  static prop = \\"noArgsObjectMand\\";
  static inputTypes = {};
}

export class Mutation$noArgsObjectNull {
  private static _: any;
  static typeProp = \\"mutation\\";
  static type = \\"Mutation\\";
  static prop = \\"noArgsObjectNull\\";
  static inputTypes = {};
}

export class Mutation$noArgsScalarArr2D {
  private static _: any;
  static typeProp = \\"mutation\\";
  static type = \\"Mutation\\";
  static prop = \\"noArgsScalarArr2D\\";
  static inputTypes = {};
}

export class Mutation$noArgsScalarArrMM {
  private static _: any;
  static typeProp = \\"mutation\\";
  static type = \\"Mutation\\";
  static prop = \\"noArgsScalarArrMM\\";
  static inputTypes = {};
}

export class Mutation$noArgsScalarArrMN {
  private static _: any;
  static typeProp = \\"mutation\\";
  static type = \\"Mutation\\";
  static prop = \\"noArgsScalarArrMN\\";
  static inputTypes = {};
}

export class Mutation$noArgsScalarArrNM {
  private static _: any;
  static typeProp = \\"mutation\\";
  static type = \\"Mutation\\";
  static prop = \\"noArgsScalarArrNM\\";
  static inputTypes = {};
}

export class Mutation$noArgsScalarArrNN {
  private static _: any;
  static typeProp = \\"mutation\\";
  static type = \\"Mutation\\";
  static prop = \\"noArgsScalarArrNN\\";
  static inputTypes = {};
}

export class Mutation$noArgsScalarMand {
  private static _: any;
  static typeProp = \\"mutation\\";
  static type = \\"Mutation\\";
  static prop = \\"noArgsScalarMand\\";
  static inputTypes = {};
}

export class Mutation$noArgsScalarNull {
  private static _: any;
  static typeProp = \\"mutation\\";
  static type = \\"Mutation\\";
  static prop = \\"noArgsScalarNull\\";
  static inputTypes = {};
}

type $$OperationIds = never
  | Query$argsObjectArr2D
  | Query$argsObjectArrMM
  | Query$argsObjectArrMN
  | Query$argsObjectArrNM
  | Query$argsObjectArrNN
  | Query$argsObjectMand
  | Query$argsObjectNull
  | Query$argsScalarArr2D
  | Query$argsScalarArrMM
  | Query$argsScalarArrMN
  | Query$argsScalarArrNM
  | Query$argsScalarArrNN
  | Query$argsScalarMand
  | Query$argsScalarNull
  | Query$noArgsObjectArr2D
  | Query$noArgsObjectArrMM
  | Query$noArgsObjectArrMN
  | Query$noArgsObjectArrNM
  | Query$noArgsObjectArrNN
  | Query$noArgsObjectMand
  | Query$noArgsObjectNull
  | Query$noArgsScalarArr2D
  | Query$noArgsScalarArrMM
  | Query$noArgsScalarArrMN
  | Query$noArgsScalarArrNM
  | Query$noArgsScalarArrNN
  | Query$noArgsScalarMand
  | Query$noArgsScalarNull
  | Mutation$argsObjectArr2D
  | Mutation$argsObjectArrMM
  | Mutation$argsObjectArrMN
  | Mutation$argsObjectArrNM
  | Mutation$argsObjectArrNN
  | Mutation$argsObjectMand
  | Mutation$argsObjectNull
  | Mutation$argsScalarArr2D
  | Mutation$argsScalarArrMM
  | Mutation$argsScalarArrMN
  | Mutation$argsScalarArrNM
  | Mutation$argsScalarArrNN
  | Mutation$argsScalarMand
  | Mutation$argsScalarNull
  | Mutation$noArgsObjectArr2D
  | Mutation$noArgsObjectArrMM
  | Mutation$noArgsObjectArrMN
  | Mutation$noArgsObjectArrNM
  | Mutation$noArgsObjectArrNN
  | Mutation$noArgsObjectMand
  | Mutation$noArgsObjectNull
  | Mutation$noArgsScalarArr2D
  | Mutation$noArgsScalarArrMM
  | Mutation$noArgsScalarArrMN
  | Mutation$noArgsScalarArrNM
  | Mutation$noArgsScalarArrNN
  | Mutation$noArgsScalarMand
  | Mutation$noArgsScalarNull

"
`;
