// Jest Snapshot v1, https://goo.gl/fbAQLP

exports[`empty 1`] = `""`;

exports[`one 1`] = `
"export const gqx = {
  query: {
    argsObjectArr2D: _gqx<typeof Query$argsObjectArr2D>(Query$argsObjectArr2D),
    argsObjectArrMM: _gqx<typeof Query$argsObjectArrMM>(Query$argsObjectArrMM),
    argsObjectArrMN: _gqx<typeof Query$argsObjectArrMN>(Query$argsObjectArrMN),
    argsObjectArrNM: _gqx<typeof Query$argsObjectArrNM>(Query$argsObjectArrNM),
    argsObjectArrNN: _gqx<typeof Query$argsObjectArrNN>(Query$argsObjectArrNN),
    argsObjectMand: _gqx<typeof Query$argsObjectMand>(Query$argsObjectMand),
    argsObjectNull: _gqx<typeof Query$argsObjectNull>(Query$argsObjectNull),
    argsScalarArr2D: _gqx<typeof Query$argsScalarArr2D>(Query$argsScalarArr2D),
    argsScalarArrMM: _gqx<typeof Query$argsScalarArrMM>(Query$argsScalarArrMM),
    argsScalarArrMN: _gqx<typeof Query$argsScalarArrMN>(Query$argsScalarArrMN),
    argsScalarArrNM: _gqx<typeof Query$argsScalarArrNM>(Query$argsScalarArrNM),
    argsScalarArrNN: _gqx<typeof Query$argsScalarArrNN>(Query$argsScalarArrNN),
    argsScalarMand: _gqx<typeof Query$argsScalarMand>(Query$argsScalarMand),
    argsScalarNull: _gqx<typeof Query$argsScalarNull>(Query$argsScalarNull),
    noArgsObjectArr2D: _gqx<typeof Query$noArgsObjectArr2D>(Query$noArgsObjectArr2D),
    noArgsObjectArrMM: _gqx<typeof Query$noArgsObjectArrMM>(Query$noArgsObjectArrMM),
    noArgsObjectArrMN: _gqx<typeof Query$noArgsObjectArrMN>(Query$noArgsObjectArrMN),
    noArgsObjectArrNM: _gqx<typeof Query$noArgsObjectArrNM>(Query$noArgsObjectArrNM),
    noArgsObjectArrNN: _gqx<typeof Query$noArgsObjectArrNN>(Query$noArgsObjectArrNN),
    noArgsObjectMand: _gqx<typeof Query$noArgsObjectMand>(Query$noArgsObjectMand),
    noArgsObjectNull: _gqx<typeof Query$noArgsObjectNull>(Query$noArgsObjectNull),
    noArgsScalarArr2D: _gqx<typeof Query$noArgsScalarArr2D>(Query$noArgsScalarArr2D),
    noArgsScalarArrMM: _gqx<typeof Query$noArgsScalarArrMM>(Query$noArgsScalarArrMM),
    noArgsScalarArrMN: _gqx<typeof Query$noArgsScalarArrMN>(Query$noArgsScalarArrMN),
    noArgsScalarArrNM: _gqx<typeof Query$noArgsScalarArrNM>(Query$noArgsScalarArrNM),
    noArgsScalarArrNN: _gqx<typeof Query$noArgsScalarArrNN>(Query$noArgsScalarArrNN),
    noArgsScalarMand: _gqx<typeof Query$noArgsScalarMand>(Query$noArgsScalarMand),
    noArgsScalarNull: _gqx<typeof Query$noArgsScalarNull>(Query$noArgsScalarNull),
  },
  mutation: {
    argsObjectArr2D: _gqx<typeof Mutation$argsObjectArr2D>(Mutation$argsObjectArr2D),
    argsObjectArrMM: _gqx<typeof Mutation$argsObjectArrMM>(Mutation$argsObjectArrMM),
    argsObjectArrMN: _gqx<typeof Mutation$argsObjectArrMN>(Mutation$argsObjectArrMN),
    argsObjectArrNM: _gqx<typeof Mutation$argsObjectArrNM>(Mutation$argsObjectArrNM),
    argsObjectArrNN: _gqx<typeof Mutation$argsObjectArrNN>(Mutation$argsObjectArrNN),
    argsObjectMand: _gqx<typeof Mutation$argsObjectMand>(Mutation$argsObjectMand),
    argsObjectNull: _gqx<typeof Mutation$argsObjectNull>(Mutation$argsObjectNull),
    argsScalarArr2D: _gqx<typeof Mutation$argsScalarArr2D>(Mutation$argsScalarArr2D),
    argsScalarArrMM: _gqx<typeof Mutation$argsScalarArrMM>(Mutation$argsScalarArrMM),
    argsScalarArrMN: _gqx<typeof Mutation$argsScalarArrMN>(Mutation$argsScalarArrMN),
    argsScalarArrNM: _gqx<typeof Mutation$argsScalarArrNM>(Mutation$argsScalarArrNM),
    argsScalarArrNN: _gqx<typeof Mutation$argsScalarArrNN>(Mutation$argsScalarArrNN),
    argsScalarMand: _gqx<typeof Mutation$argsScalarMand>(Mutation$argsScalarMand),
    argsScalarNull: _gqx<typeof Mutation$argsScalarNull>(Mutation$argsScalarNull),
    noArgsObjectArr2D: _gqx<typeof Mutation$noArgsObjectArr2D>(Mutation$noArgsObjectArr2D),
    noArgsObjectArrMM: _gqx<typeof Mutation$noArgsObjectArrMM>(Mutation$noArgsObjectArrMM),
    noArgsObjectArrMN: _gqx<typeof Mutation$noArgsObjectArrMN>(Mutation$noArgsObjectArrMN),
    noArgsObjectArrNM: _gqx<typeof Mutation$noArgsObjectArrNM>(Mutation$noArgsObjectArrNM),
    noArgsObjectArrNN: _gqx<typeof Mutation$noArgsObjectArrNN>(Mutation$noArgsObjectArrNN),
    noArgsObjectMand: _gqx<typeof Mutation$noArgsObjectMand>(Mutation$noArgsObjectMand),
    noArgsObjectNull: _gqx<typeof Mutation$noArgsObjectNull>(Mutation$noArgsObjectNull),
    noArgsScalarArr2D: _gqx<typeof Mutation$noArgsScalarArr2D>(Mutation$noArgsScalarArr2D),
    noArgsScalarArrMM: _gqx<typeof Mutation$noArgsScalarArrMM>(Mutation$noArgsScalarArrMM),
    noArgsScalarArrMN: _gqx<typeof Mutation$noArgsScalarArrMN>(Mutation$noArgsScalarArrMN),
    noArgsScalarArrNM: _gqx<typeof Mutation$noArgsScalarArrNM>(Mutation$noArgsScalarArrNM),
    noArgsScalarArrNN: _gqx<typeof Mutation$noArgsScalarArrNN>(Mutation$noArgsScalarArrNN),
    noArgsScalarMand: _gqx<typeof Mutation$noArgsScalarMand>(Mutation$noArgsScalarMand),
    noArgsScalarNull: _gqx<typeof Mutation$noArgsScalarNull>(Mutation$noArgsScalarNull),
  },
}"
`;

exports[`two 1`] = `
"export const gqx1 = {
  query: {
    argsObjectArr2D: _gqx1<typeof Query$argsObjectArr2D>(Query$argsObjectArr2D),
    argsObjectArrMM: _gqx1<typeof Query$argsObjectArrMM>(Query$argsObjectArrMM),
    argsObjectArrMN: _gqx1<typeof Query$argsObjectArrMN>(Query$argsObjectArrMN),
    argsObjectArrNM: _gqx1<typeof Query$argsObjectArrNM>(Query$argsObjectArrNM),
    argsObjectArrNN: _gqx1<typeof Query$argsObjectArrNN>(Query$argsObjectArrNN),
    argsObjectMand: _gqx1<typeof Query$argsObjectMand>(Query$argsObjectMand),
    argsObjectNull: _gqx1<typeof Query$argsObjectNull>(Query$argsObjectNull),
    argsScalarArr2D: _gqx1<typeof Query$argsScalarArr2D>(Query$argsScalarArr2D),
    argsScalarArrMM: _gqx1<typeof Query$argsScalarArrMM>(Query$argsScalarArrMM),
    argsScalarArrMN: _gqx1<typeof Query$argsScalarArrMN>(Query$argsScalarArrMN),
    argsScalarArrNM: _gqx1<typeof Query$argsScalarArrNM>(Query$argsScalarArrNM),
    argsScalarArrNN: _gqx1<typeof Query$argsScalarArrNN>(Query$argsScalarArrNN),
    argsScalarMand: _gqx1<typeof Query$argsScalarMand>(Query$argsScalarMand),
    argsScalarNull: _gqx1<typeof Query$argsScalarNull>(Query$argsScalarNull),
    noArgsObjectArr2D: _gqx1<typeof Query$noArgsObjectArr2D>(Query$noArgsObjectArr2D),
    noArgsObjectArrMM: _gqx1<typeof Query$noArgsObjectArrMM>(Query$noArgsObjectArrMM),
    noArgsObjectArrMN: _gqx1<typeof Query$noArgsObjectArrMN>(Query$noArgsObjectArrMN),
    noArgsObjectArrNM: _gqx1<typeof Query$noArgsObjectArrNM>(Query$noArgsObjectArrNM),
    noArgsObjectArrNN: _gqx1<typeof Query$noArgsObjectArrNN>(Query$noArgsObjectArrNN),
    noArgsObjectMand: _gqx1<typeof Query$noArgsObjectMand>(Query$noArgsObjectMand),
    noArgsObjectNull: _gqx1<typeof Query$noArgsObjectNull>(Query$noArgsObjectNull),
    noArgsScalarArr2D: _gqx1<typeof Query$noArgsScalarArr2D>(Query$noArgsScalarArr2D),
    noArgsScalarArrMM: _gqx1<typeof Query$noArgsScalarArrMM>(Query$noArgsScalarArrMM),
    noArgsScalarArrMN: _gqx1<typeof Query$noArgsScalarArrMN>(Query$noArgsScalarArrMN),
    noArgsScalarArrNM: _gqx1<typeof Query$noArgsScalarArrNM>(Query$noArgsScalarArrNM),
    noArgsScalarArrNN: _gqx1<typeof Query$noArgsScalarArrNN>(Query$noArgsScalarArrNN),
    noArgsScalarMand: _gqx1<typeof Query$noArgsScalarMand>(Query$noArgsScalarMand),
    noArgsScalarNull: _gqx1<typeof Query$noArgsScalarNull>(Query$noArgsScalarNull),
  },
  mutation: {
    argsObjectArr2D: _gqx1<typeof Mutation$argsObjectArr2D>(Mutation$argsObjectArr2D),
    argsObjectArrMM: _gqx1<typeof Mutation$argsObjectArrMM>(Mutation$argsObjectArrMM),
    argsObjectArrMN: _gqx1<typeof Mutation$argsObjectArrMN>(Mutation$argsObjectArrMN),
    argsObjectArrNM: _gqx1<typeof Mutation$argsObjectArrNM>(Mutation$argsObjectArrNM),
    argsObjectArrNN: _gqx1<typeof Mutation$argsObjectArrNN>(Mutation$argsObjectArrNN),
    argsObjectMand: _gqx1<typeof Mutation$argsObjectMand>(Mutation$argsObjectMand),
    argsObjectNull: _gqx1<typeof Mutation$argsObjectNull>(Mutation$argsObjectNull),
    argsScalarArr2D: _gqx1<typeof Mutation$argsScalarArr2D>(Mutation$argsScalarArr2D),
    argsScalarArrMM: _gqx1<typeof Mutation$argsScalarArrMM>(Mutation$argsScalarArrMM),
    argsScalarArrMN: _gqx1<typeof Mutation$argsScalarArrMN>(Mutation$argsScalarArrMN),
    argsScalarArrNM: _gqx1<typeof Mutation$argsScalarArrNM>(Mutation$argsScalarArrNM),
    argsScalarArrNN: _gqx1<typeof Mutation$argsScalarArrNN>(Mutation$argsScalarArrNN),
    argsScalarMand: _gqx1<typeof Mutation$argsScalarMand>(Mutation$argsScalarMand),
    argsScalarNull: _gqx1<typeof Mutation$argsScalarNull>(Mutation$argsScalarNull),
    noArgsObjectArr2D: _gqx1<typeof Mutation$noArgsObjectArr2D>(Mutation$noArgsObjectArr2D),
    noArgsObjectArrMM: _gqx1<typeof Mutation$noArgsObjectArrMM>(Mutation$noArgsObjectArrMM),
    noArgsObjectArrMN: _gqx1<typeof Mutation$noArgsObjectArrMN>(Mutation$noArgsObjectArrMN),
    noArgsObjectArrNM: _gqx1<typeof Mutation$noArgsObjectArrNM>(Mutation$noArgsObjectArrNM),
    noArgsObjectArrNN: _gqx1<typeof Mutation$noArgsObjectArrNN>(Mutation$noArgsObjectArrNN),
    noArgsObjectMand: _gqx1<typeof Mutation$noArgsObjectMand>(Mutation$noArgsObjectMand),
    noArgsObjectNull: _gqx1<typeof Mutation$noArgsObjectNull>(Mutation$noArgsObjectNull),
    noArgsScalarArr2D: _gqx1<typeof Mutation$noArgsScalarArr2D>(Mutation$noArgsScalarArr2D),
    noArgsScalarArrMM: _gqx1<typeof Mutation$noArgsScalarArrMM>(Mutation$noArgsScalarArrMM),
    noArgsScalarArrMN: _gqx1<typeof Mutation$noArgsScalarArrMN>(Mutation$noArgsScalarArrMN),
    noArgsScalarArrNM: _gqx1<typeof Mutation$noArgsScalarArrNM>(Mutation$noArgsScalarArrNM),
    noArgsScalarArrNN: _gqx1<typeof Mutation$noArgsScalarArrNN>(Mutation$noArgsScalarArrNN),
    noArgsScalarMand: _gqx1<typeof Mutation$noArgsScalarMand>(Mutation$noArgsScalarMand),
    noArgsScalarNull: _gqx1<typeof Mutation$noArgsScalarNull>(Mutation$noArgsScalarNull),
  },
}

export const gqx2 = {
  query: {
    argsObjectArr2D: _gqx2<typeof Query$argsObjectArr2D>(Query$argsObjectArr2D),
    argsObjectArrMM: _gqx2<typeof Query$argsObjectArrMM>(Query$argsObjectArrMM),
    argsObjectArrMN: _gqx2<typeof Query$argsObjectArrMN>(Query$argsObjectArrMN),
    argsObjectArrNM: _gqx2<typeof Query$argsObjectArrNM>(Query$argsObjectArrNM),
    argsObjectArrNN: _gqx2<typeof Query$argsObjectArrNN>(Query$argsObjectArrNN),
    argsObjectMand: _gqx2<typeof Query$argsObjectMand>(Query$argsObjectMand),
    argsObjectNull: _gqx2<typeof Query$argsObjectNull>(Query$argsObjectNull),
    argsScalarArr2D: _gqx2<typeof Query$argsScalarArr2D>(Query$argsScalarArr2D),
    argsScalarArrMM: _gqx2<typeof Query$argsScalarArrMM>(Query$argsScalarArrMM),
    argsScalarArrMN: _gqx2<typeof Query$argsScalarArrMN>(Query$argsScalarArrMN),
    argsScalarArrNM: _gqx2<typeof Query$argsScalarArrNM>(Query$argsScalarArrNM),
    argsScalarArrNN: _gqx2<typeof Query$argsScalarArrNN>(Query$argsScalarArrNN),
    argsScalarMand: _gqx2<typeof Query$argsScalarMand>(Query$argsScalarMand),
    argsScalarNull: _gqx2<typeof Query$argsScalarNull>(Query$argsScalarNull),
    noArgsObjectArr2D: _gqx2<typeof Query$noArgsObjectArr2D>(Query$noArgsObjectArr2D),
    noArgsObjectArrMM: _gqx2<typeof Query$noArgsObjectArrMM>(Query$noArgsObjectArrMM),
    noArgsObjectArrMN: _gqx2<typeof Query$noArgsObjectArrMN>(Query$noArgsObjectArrMN),
    noArgsObjectArrNM: _gqx2<typeof Query$noArgsObjectArrNM>(Query$noArgsObjectArrNM),
    noArgsObjectArrNN: _gqx2<typeof Query$noArgsObjectArrNN>(Query$noArgsObjectArrNN),
    noArgsObjectMand: _gqx2<typeof Query$noArgsObjectMand>(Query$noArgsObjectMand),
    noArgsObjectNull: _gqx2<typeof Query$noArgsObjectNull>(Query$noArgsObjectNull),
    noArgsScalarArr2D: _gqx2<typeof Query$noArgsScalarArr2D>(Query$noArgsScalarArr2D),
    noArgsScalarArrMM: _gqx2<typeof Query$noArgsScalarArrMM>(Query$noArgsScalarArrMM),
    noArgsScalarArrMN: _gqx2<typeof Query$noArgsScalarArrMN>(Query$noArgsScalarArrMN),
    noArgsScalarArrNM: _gqx2<typeof Query$noArgsScalarArrNM>(Query$noArgsScalarArrNM),
    noArgsScalarArrNN: _gqx2<typeof Query$noArgsScalarArrNN>(Query$noArgsScalarArrNN),
    noArgsScalarMand: _gqx2<typeof Query$noArgsScalarMand>(Query$noArgsScalarMand),
    noArgsScalarNull: _gqx2<typeof Query$noArgsScalarNull>(Query$noArgsScalarNull),
  },
  mutation: {
    argsObjectArr2D: _gqx2<typeof Mutation$argsObjectArr2D>(Mutation$argsObjectArr2D),
    argsObjectArrMM: _gqx2<typeof Mutation$argsObjectArrMM>(Mutation$argsObjectArrMM),
    argsObjectArrMN: _gqx2<typeof Mutation$argsObjectArrMN>(Mutation$argsObjectArrMN),
    argsObjectArrNM: _gqx2<typeof Mutation$argsObjectArrNM>(Mutation$argsObjectArrNM),
    argsObjectArrNN: _gqx2<typeof Mutation$argsObjectArrNN>(Mutation$argsObjectArrNN),
    argsObjectMand: _gqx2<typeof Mutation$argsObjectMand>(Mutation$argsObjectMand),
    argsObjectNull: _gqx2<typeof Mutation$argsObjectNull>(Mutation$argsObjectNull),
    argsScalarArr2D: _gqx2<typeof Mutation$argsScalarArr2D>(Mutation$argsScalarArr2D),
    argsScalarArrMM: _gqx2<typeof Mutation$argsScalarArrMM>(Mutation$argsScalarArrMM),
    argsScalarArrMN: _gqx2<typeof Mutation$argsScalarArrMN>(Mutation$argsScalarArrMN),
    argsScalarArrNM: _gqx2<typeof Mutation$argsScalarArrNM>(Mutation$argsScalarArrNM),
    argsScalarArrNN: _gqx2<typeof Mutation$argsScalarArrNN>(Mutation$argsScalarArrNN),
    argsScalarMand: _gqx2<typeof Mutation$argsScalarMand>(Mutation$argsScalarMand),
    argsScalarNull: _gqx2<typeof Mutation$argsScalarNull>(Mutation$argsScalarNull),
    noArgsObjectArr2D: _gqx2<typeof Mutation$noArgsObjectArr2D>(Mutation$noArgsObjectArr2D),
    noArgsObjectArrMM: _gqx2<typeof Mutation$noArgsObjectArrMM>(Mutation$noArgsObjectArrMM),
    noArgsObjectArrMN: _gqx2<typeof Mutation$noArgsObjectArrMN>(Mutation$noArgsObjectArrMN),
    noArgsObjectArrNM: _gqx2<typeof Mutation$noArgsObjectArrNM>(Mutation$noArgsObjectArrNM),
    noArgsObjectArrNN: _gqx2<typeof Mutation$noArgsObjectArrNN>(Mutation$noArgsObjectArrNN),
    noArgsObjectMand: _gqx2<typeof Mutation$noArgsObjectMand>(Mutation$noArgsObjectMand),
    noArgsObjectNull: _gqx2<typeof Mutation$noArgsObjectNull>(Mutation$noArgsObjectNull),
    noArgsScalarArr2D: _gqx2<typeof Mutation$noArgsScalarArr2D>(Mutation$noArgsScalarArr2D),
    noArgsScalarArrMM: _gqx2<typeof Mutation$noArgsScalarArrMM>(Mutation$noArgsScalarArrMM),
    noArgsScalarArrMN: _gqx2<typeof Mutation$noArgsScalarArrMN>(Mutation$noArgsScalarArrMN),
    noArgsScalarArrNM: _gqx2<typeof Mutation$noArgsScalarArrNM>(Mutation$noArgsScalarArrNM),
    noArgsScalarArrNN: _gqx2<typeof Mutation$noArgsScalarArrNN>(Mutation$noArgsScalarArrNN),
    noArgsScalarMand: _gqx2<typeof Mutation$noArgsScalarMand>(Mutation$noArgsScalarMand),
    noArgsScalarNull: _gqx2<typeof Mutation$noArgsScalarNull>(Mutation$noArgsScalarNull),
  },
}"
`;

exports[`undefined 1`] = `""`;
