// Jest Snapshot v1, https://goo.gl/fbAQLP

exports[` 1`] = `
"export const $$generateObject = <F extends $$GqxFunc>(f: $$GqxImpl<F>) => ({
  query: {
    argsObjectArr2D: f(Query$argsObjectArr2D),
    argsObjectArrMM: f(Query$argsObjectArrMM),
    argsObjectArrMN: f(Query$argsObjectArrMN),
    argsObjectArrNM: f(Query$argsObjectArrNM),
    argsObjectArrNN: f(Query$argsObjectArrNN),
    argsObjectMand: f(Query$argsObjectMand),
    argsObjectNull: f(Query$argsObjectNull),
    argsScalarArr2D: f(Query$argsScalarArr2D),
    argsScalarArrMM: f(Query$argsScalarArrMM),
    argsScalarArrMN: f(Query$argsScalarArrMN),
    argsScalarArrNM: f(Query$argsScalarArrNM),
    argsScalarArrNN: f(Query$argsScalarArrNN),
    argsScalarMand: f(Query$argsScalarMand),
    argsScalarNull: f(Query$argsScalarNull),
    noArgsObjectArr2D: f(Query$noArgsObjectArr2D),
    noArgsObjectArrMM: f(Query$noArgsObjectArrMM),
    noArgsObjectArrMN: f(Query$noArgsObjectArrMN),
    noArgsObjectArrNM: f(Query$noArgsObjectArrNM),
    noArgsObjectArrNN: f(Query$noArgsObjectArrNN),
    noArgsObjectMand: f(Query$noArgsObjectMand),
    noArgsObjectNull: f(Query$noArgsObjectNull),
    noArgsScalarArr2D: f(Query$noArgsScalarArr2D),
    noArgsScalarArrMM: f(Query$noArgsScalarArrMM),
    noArgsScalarArrMN: f(Query$noArgsScalarArrMN),
    noArgsScalarArrNM: f(Query$noArgsScalarArrNM),
    noArgsScalarArrNN: f(Query$noArgsScalarArrNN),
    noArgsScalarMand: f(Query$noArgsScalarMand),
    noArgsScalarNull: f(Query$noArgsScalarNull),
  },
  mutation: {
    argsObjectArr2D: f(Mutation$argsObjectArr2D),
    argsObjectArrMM: f(Mutation$argsObjectArrMM),
    argsObjectArrMN: f(Mutation$argsObjectArrMN),
    argsObjectArrNM: f(Mutation$argsObjectArrNM),
    argsObjectArrNN: f(Mutation$argsObjectArrNN),
    argsObjectMand: f(Mutation$argsObjectMand),
    argsObjectNull: f(Mutation$argsObjectNull),
    argsScalarArr2D: f(Mutation$argsScalarArr2D),
    argsScalarArrMM: f(Mutation$argsScalarArrMM),
    argsScalarArrMN: f(Mutation$argsScalarArrMN),
    argsScalarArrNM: f(Mutation$argsScalarArrNM),
    argsScalarArrNN: f(Mutation$argsScalarArrNN),
    argsScalarMand: f(Mutation$argsScalarMand),
    argsScalarNull: f(Mutation$argsScalarNull),
    noArgsObjectArr2D: f(Mutation$noArgsObjectArr2D),
    noArgsObjectArrMM: f(Mutation$noArgsObjectArrMM),
    noArgsObjectArrMN: f(Mutation$noArgsObjectArrMN),
    noArgsObjectArrNM: f(Mutation$noArgsObjectArrNM),
    noArgsObjectArrNN: f(Mutation$noArgsObjectArrNN),
    noArgsObjectMand: f(Mutation$noArgsObjectMand),
    noArgsObjectNull: f(Mutation$noArgsObjectNull),
    noArgsScalarArr2D: f(Mutation$noArgsScalarArr2D),
    noArgsScalarArrMM: f(Mutation$noArgsScalarArrMM),
    noArgsScalarArrMN: f(Mutation$noArgsScalarArrMN),
    noArgsScalarArrNM: f(Mutation$noArgsScalarArrNM),
    noArgsScalarArrNN: f(Mutation$noArgsScalarArrNN),
    noArgsScalarMand: f(Mutation$noArgsScalarMand),
    noArgsScalarNull: f(Mutation$noArgsScalarNull),
  },
})"
`;
