// Jest Snapshot v1, https://goo.gl/fbAQLP

exports[` 1`] = `
"/* eslint-disable */

type Int = number;
type Float = number;
type String = string;
type ID = string;
type Boolean = boolean;

interface $<F, L> { f: F; l: L }
const $$ = <F, L>(f: F, l: L) => ({ f, l });

export type $$DeepArray<T> = (T | $$DeepArray<T>)[];
export type $$UnwrapDeepArray<T extends $$DeepArray<any>> = T extends $$DeepArray<infer U> ? U : never;

export interface $$GqxReturn {
  id: $$OperationId;
  return: unknown;
}
type $$CallGqxReturn<R extends $$GqxReturn, I extends $$OperationId> = (R & { id: I })[\\"return\\"];
export type $$GqxImpl<R extends $$GqxReturn> = <I extends $$OperationId>(id: I) => $$CallGqxReturn<R, I>;

export interface $$OperationId {
  typeProp: string;
  type: string;
  prop: string;
  inputTypes: { [x: string]: string };
}

const __wrap__ = Symbol();

type $$Wrap<X, Y> = X extends $<infer F, infer L> ? $<F, $$Wrap<L, Y>> : never;
type $$MapWrap<O, F> = {
  [K in keyof O | typeof __wrap__ | \\"$\\"]:
    K extends \\"$\\" ?
      <T extends $_>(x: $$DeepArray<T>) =>
        $<F, O extends { [__wrap__]: infer X } ? $$Wrap<X, T> : T>[] :
      K extends keyof O ?
        O[K] extends $_ ?
          $<F, O[K]> :
          $$MapWrap<O[K], F> :
        $<F, null>
}

const $$mapWrap = <O, F>(o: () => O, f: F): $$MapWrap<O, F> =>
  // @ts-ignore
  new Proxy(Object.create(null), {
    get: (t, k: string) => t[k] || (t[k] =
      k !== \\"$\\" ?
        o()[k].$ ?
          $$mapWrap(() => o()[k], f) :
          $$(f, o()[k]) :
        // @ts-ignore
        (a: any) => (\\"$\\" in o() ? o().$(a) : a).flat(Infinity).map((a: any) => $$(f, a))
    ),
  })

export const $$reconstruct = <I extends $$OperationId>(id: I, input: $$Input.$<I>, props: $$Frag.$<I>) => {
  interface Subs { [k: string]: true | Subs }
  const subs: Subs = {};
  populateSubs(props, subs);
  const frag = genFrag(subs);
  const inputKeys = Object.keys(input);
  const inputDef = inputKeys.length ? \`(\${inputKeys.map(k =>
    \`$\${k}: \${id.inputTypes[k]}\`
  ).join(\\", \\")})\` : \\"\\";
  const inputPass = inputKeys.length ? \`(\${inputKeys.map(k =>
    \`\${k}: $\${k}\`
  )})\` : \\"\\";
  const request = \`\${id.typeProp}\${inputDef} { \${id.prop}\${inputPass}\${frag} }\`;
  return request;

  function genFrag(subs: Subs){
    return (
      Object.keys(subs).length ?
        \`{ \${Object.entries(subs).map(([k, v]) => v === true ? k : k + \\" \\" + genFrag(v)).join(\\" \\")} }\` :
        \\"\\"
    );
  }

  function populateSubs(prop: $_ | $$DeepArray<$_>, subs: Subs | true){
    if(prop instanceof Array)
      return prop.map(p => populateSubs(p, subs));
    if(subs === true)
      return;
    if(\\"prop\\" in prop)
      subs[prop.prop] = true;
    else
      populateSubs(prop.l, subs[prop.f.prop] = (subs[prop.f.prop] || {}));
  }
}

export type Category =
  | \\"Horror\\"
  | \\"SciFi\\"
  | \\"Fiction\\"
  | \\"Fantasy\\"
  | \\"NonFiction\\"
  | \\"Romance\\"
  | \\"Historical\\"
  | \\"Mystery\\"
  | \\"Childrens\\"
  | \\"Dystopian\\"
  | \\"Utopian\\"
  | \\"Religous\\"

export interface Cursor {
  start: Int;
  limit: Int;
}

export interface BookFilter {
  title?: (String | null | void);
  author?: (AuthorFilter | null | void);
  categories?: (Category[] | null | void);
  rating: StarRating;
}

export interface AuthorFilter {
  name?: (String | null | void);
  rating?: (StarRating | null | void);
}

export interface ReviewInput {
  rating: StarRating;
  book: ID;
  title?: (String | null | void);
  details?: (String | null | void);
}

export class Author$id {
  private static _: any;
  static type = \\"Author\\" as const;
  static prop = \\"id\\" as const;
  static f = Author$id;
}
export class Author$name {
  private static _: any;
  static type = \\"Author\\" as const;
  static prop = \\"name\\" as const;
  static f = Author$name;
}
export class Author$books {
  private static _: any;
  static type = \\"Author\\" as const;
  static prop = \\"books\\" as const;
  static f = Author$books;
}
export class Author$favoriteBook {
  private static _: any;
  static type = \\"Author\\" as const;
  static prop = \\"favoriteBook\\" as const;
  static f = Author$favoriteBook;
}
export class Author$rating {
  private static _: any;
  static type = \\"Author\\" as const;
  static prop = \\"rating\\" as const;
  static f = Author$rating;
}
export class Book$id {
  private static _: any;
  static type = \\"Book\\" as const;
  static prop = \\"id\\" as const;
  static f = Book$id;
}
export class Book$author {
  private static _: any;
  static type = \\"Book\\" as const;
  static prop = \\"author\\" as const;
  static f = Book$author;
}
export class Book$title {
  private static _: any;
  static type = \\"Book\\" as const;
  static prop = \\"title\\" as const;
  static f = Book$title;
}
export class Book$description {
  private static _: any;
  static type = \\"Book\\" as const;
  static prop = \\"description\\" as const;
  static f = Book$description;
}
export class Book$categories {
  private static _: any;
  static type = \\"Book\\" as const;
  static prop = \\"categories\\" as const;
  static f = Book$categories;
}
export class Book$reviews {
  private static _: any;
  static type = \\"Book\\" as const;
  static prop = \\"reviews\\" as const;
  static f = Book$reviews;
}
export class Book$rating {
  private static _: any;
  static type = \\"Book\\" as const;
  static prop = \\"rating\\" as const;
  static f = Book$rating;
}
export class Review$id {
  private static _: any;
  static type = \\"Review\\" as const;
  static prop = \\"id\\" as const;
  static f = Review$id;
}
export class Review$rating {
  private static _: any;
  static type = \\"Review\\" as const;
  static prop = \\"rating\\" as const;
  static f = Review$rating;
}
export class Review$book {
  private static _: any;
  static type = \\"Review\\" as const;
  static prop = \\"book\\" as const;
  static f = Review$book;
}
export class Review$user {
  private static _: any;
  static type = \\"Review\\" as const;
  static prop = \\"user\\" as const;
  static f = Review$user;
}
export class Review$title {
  private static _: any;
  static type = \\"Review\\" as const;
  static prop = \\"title\\" as const;
  static f = Review$title;
}
export class Review$details {
  private static _: any;
  static type = \\"Review\\" as const;
  static prop = \\"details\\" as const;
  static f = Review$details;
}
export class User$id {
  private static _: any;
  static type = \\"User\\" as const;
  static prop = \\"id\\" as const;
  static f = User$id;
}
export class User$author {
  private static _: any;
  static type = \\"User\\" as const;
  static prop = \\"author\\" as const;
  static f = User$author;
}
export class User$name {
  private static _: any;
  static type = \\"User\\" as const;
  static prop = \\"name\\" as const;
  static f = User$name;
}
export class User$reviews {
  private static _: any;
  static type = \\"User\\" as const;
  static prop = \\"reviews\\" as const;
  static f = User$reviews;
}

export type Author$ =
  | typeof Author$id
  | typeof Author$name
  | typeof Author$rating
  | $<typeof Author$books, Book$>
  | $<typeof Author$favoriteBook, Book$>

export type Book$ =
  | typeof Book$categories
  | typeof Book$description
  | typeof Book$id
  | typeof Book$rating
  | typeof Book$title
  | $<typeof Book$author, Author$>
  | $<typeof Book$reviews, Review$>

export type Review$ =
  | typeof Review$details
  | typeof Review$id
  | typeof Review$rating
  | typeof Review$title
  | $<typeof Review$book, Book$>
  | $<typeof Review$user, User$>

export type User$ =
  | typeof User$id
  | typeof User$name
  | $<typeof User$author, Author$>
  | $<typeof User$reviews, Review$>

export type $_ =
  | Author$
  | Book$
  | Review$
  | User$

const _Author = {
  id: Author$id,
  name: Author$name,
  rating: Author$rating,
};

export const Author: typeof _Author & {
  books: $$MapWrap<typeof$Book, typeof Author$books>,
  favoriteBook: $$MapWrap<typeof$Book, typeof Author$favoriteBook>,
} = {
  ..._Author,
  books: $$mapWrap(() => Book, Author$books),
  favoriteBook: $$mapWrap(() => Book, Author$favoriteBook),
};

type typeof$Author = typeof Author

const _Book = {
  categories: Book$categories,
  description: Book$description,
  id: Book$id,
  rating: Book$rating,
  title: Book$title,
};

export const Book: typeof _Book & {
  author: $$MapWrap<typeof$Author, typeof Book$author>,
  reviews: $$MapWrap<typeof$Review, typeof Book$reviews>,
} = {
  ..._Book,
  author: $$mapWrap(() => Author, Book$author),
  reviews: $$mapWrap(() => Review, Book$reviews),
};

type typeof$Book = typeof Book

const _Review = {
  details: Review$details,
  id: Review$id,
  rating: Review$rating,
  title: Review$title,
};

export const Review: typeof _Review & {
  book: $$MapWrap<typeof$Book, typeof Review$book>,
  user: $$MapWrap<typeof$User, typeof Review$user>,
} = {
  ..._Review,
  book: $$mapWrap(() => Book, Review$book),
  user: $$mapWrap(() => User, Review$user),
};

type typeof$Review = typeof Review

const _User = {
  id: User$id,
  name: User$name,
};

export const User: typeof _User & {
  author: $$MapWrap<typeof$Author, typeof User$author>,
  reviews: $$MapWrap<typeof$Review, typeof User$reviews>,
} = {
  ..._User,
  author: $$mapWrap(() => Author, User$author),
  reviews: $$mapWrap(() => Review, User$reviews),
};

type typeof$User = typeof User

interface __$Author<F extends Author$> {
  id: ID,
  name: String,
  rating: StarRating,
  books: _$Book<Extract<F, $<typeof Author$books, Book$>>[\\"l\\"]>[],
  favoriteBook: _$Book<Extract<F, $<typeof Author$favoriteBook, Book$>>[\\"l\\"]>,
}
type _$Author<F extends Author$> = Pick<__$Author<F>, F[\\"f\\"][\\"prop\\"]>;
export type $Author<F extends $$DeepArray<Author$>> = _$Author<$$UnwrapDeepArray<F>>

interface __$Book<F extends Book$> {
  categories: Category[],
  description: String,
  id: ID,
  rating: StarRating,
  title: String,
  author: _$Author<Extract<F, $<typeof Book$author, Author$>>[\\"l\\"]>,
  reviews: _$Review<Extract<F, $<typeof Book$reviews, Review$>>[\\"l\\"]>[],
}
type _$Book<F extends Book$> = Pick<__$Book<F>, F[\\"f\\"][\\"prop\\"]>;
export type $Book<F extends $$DeepArray<Book$>> = _$Book<$$UnwrapDeepArray<F>>

interface __$Review<F extends Review$> {
  details: (String | null),
  id: ID,
  rating: StarRating,
  title: (String | null),
  book: _$Book<Extract<F, $<typeof Review$book, Book$>>[\\"l\\"]>,
  user: _$User<Extract<F, $<typeof Review$user, User$>>[\\"l\\"]>,
}
type _$Review<F extends Review$> = Pick<__$Review<F>, F[\\"f\\"][\\"prop\\"]>;
export type $Review<F extends $$DeepArray<Review$>> = _$Review<$$UnwrapDeepArray<F>>

interface __$User<F extends User$> {
  id: ID,
  name: String,
  author: (_$Author<Extract<F, $<typeof User$author, Author$>>[\\"l\\"]> | null),
  reviews: _$Review<Extract<F, $<typeof User$reviews, Review$>>[\\"l\\"]>[],
}
type _$User<F extends User$> = Pick<__$User<F>, F[\\"f\\"][\\"prop\\"]>;
export type $User<F extends $$DeepArray<User$>> = _$User<$$UnwrapDeepArray<F>>

export class Query$getAuthor {
  private static _: any;
  static typeProp = \\"query\\";
  static type = \\"Query\\";
  static prop = \\"getAuthor\\";
  static inputTypes = {
    id: \\"ID!\\",
  };
}

export class Query$getBook {
  private static _: any;
  static typeProp = \\"query\\";
  static type = \\"Query\\";
  static prop = \\"getBook\\";
  static inputTypes = {
    id: \\"ID!\\",
  };
}

export class Query$listBooks {
  private static _: any;
  static typeProp = \\"query\\";
  static type = \\"Query\\";
  static prop = \\"listBooks\\";
  static inputTypes = {
    cursor: \\"Cursor\\",
    filter: \\"BookFilter\\",
  };
}

export class Mutation$addReview {
  private static _: any;
  static typeProp = \\"mutation\\";
  static type = \\"Mutation\\";
  static prop = \\"addReview\\";
  static inputTypes = {
    input: \\"ReviewInput!\\",
  };
}

export type $$OperationIds = never
  | typeof Query$getAuthor
  | typeof Query$getBook
  | typeof Query$listBooks
  | typeof Mutation$addReview

export namespace $$Input {
  export namespace Query {
    export interface getAuthor {
      id: ID;
    }
    export interface getBook {
      id: ID;
    }
    export interface listBooks {
      cursor?: (Cursor | null | void);
      filter?: (BookFilter | null | void);
    }
  }
  export namespace Mutation {
    export interface addReview {
      input: ReviewInput;
    }
  }

  export type $<T> =
    | (T extends typeof Query$getAuthor ? Query.getAuthor : never)
    | (T extends typeof Query$getBook ? Query.getBook : never)
    | (T extends typeof Query$listBooks ? Query.listBooks : never)
    | (T extends typeof Mutation$addReview ? Mutation.addReview : never)
}

export namespace $$Frag {
  export namespace Query {
    export type getAuthor = $$DeepArray<Author$>;
    export type getBook = $$DeepArray<Book$>;
    export type listBooks = $$DeepArray<Book$>;
  }
  export namespace Mutation {
    export type addReview = $$DeepArray<Review$>;
  }

  export type $<T> =
    | (T extends typeof Query$getAuthor ? Query.getAuthor : never)
    | (T extends typeof Query$getBook ? Query.getBook : never)
    | (T extends typeof Query$listBooks ? Query.listBooks : never)
    | (T extends typeof Mutation$addReview ? Mutation.addReview : never)
}

export namespace $$Output {
  export namespace Query {
    export type getAuthor<F extends $$Frag.$<typeof Query$getAuthor>> = $Author<F>
    export type getBook<F extends $$Frag.$<typeof Query$getBook>> = $Book<F>
    export type listBooks<F extends $$Frag.$<typeof Query$listBooks>> = $Book<F>[]
  }
  export namespace Mutation {
    export type addReview<F extends $$Frag.$<typeof Mutation$addReview>> = $Review<F>
  }

  export type $<T, F extends $$Frag.$<T>> =
    | (T extends typeof Query$getAuthor ? F extends $$Frag.$<typeof Query$getAuthor> ? Query.getAuthor<F> : never : never)
    | (T extends typeof Query$getBook ? F extends $$Frag.$<typeof Query$getBook> ? Query.getBook<F> : never : never)
    | (T extends typeof Query$listBooks ? F extends $$Frag.$<typeof Query$listBooks> ? Query.listBooks<F> : never : never)
    | (T extends typeof Mutation$addReview ? F extends $$Frag.$<typeof Mutation$addReview> ? Mutation.addReview<F> : never : never)
}

export const $$generateObject = <R extends $$GqxReturn>(f: $$GqxImpl<R>) => ({
  query: {
    getAuthor: f(Query$getAuthor),
    getBook: f(Query$getBook),
    listBooks: f(Query$listBooks),
  },
  mutation: {
    addReview: f(Mutation$addReview),
  },
})

export namespace $$Directives {
  export namespace Query {
    export type getAuthor = {}
    export type getBook = {}
    export type listBooks = {}
  }
  export namespace Mutation {
    export type addReview = {
      auth: {
        test: {
          title: \\"hi\\",
        },
        test2: [
          \\"hi\\",
          \\"hi2\\",
        ],
      },
    }
  }
  export namespace Book {
    export type id = {}
    export type author = {}
    export type title = {}
    export type description = {}
    export type categories = {}
    export type reviews = {}
    export type rating = {}
  }
  export namespace Author {
    export type id = {}
    export type name = {}
    export type books = {}
    export type favoriteBook = {}
    export type rating = {}
  }
  export namespace Review {
    export type id = {}
    export type rating = {}
    export type book = {}
    export type user = {}
    export type title = {}
    export type details = {}
  }
  export namespace User {
    export type id = {}
    export type author = {}
    export type name = {}
    export type reviews = {}
  }
  export type $<T> =
    T extends typeof Query$getAuthor ? Query.getAuthor :
    T extends typeof Query$getBook ? Query.getBook :
    T extends typeof Query$listBooks ? Query.listBooks :
    T extends typeof Mutation$addReview ? Mutation.addReview :
    T extends typeof Book$id ? Book.id :
    T extends typeof Book$author ? Book.author :
    T extends typeof Book$title ? Book.title :
    T extends typeof Book$description ? Book.description :
    T extends typeof Book$categories ? Book.categories :
    T extends typeof Book$reviews ? Book.reviews :
    T extends typeof Book$rating ? Book.rating :
    T extends typeof Author$id ? Author.id :
    T extends typeof Author$name ? Author.name :
    T extends typeof Author$books ? Author.books :
    T extends typeof Author$favoriteBook ? Author.favoriteBook :
    T extends typeof Author$rating ? Author.rating :
    T extends typeof Review$id ? Review.id :
    T extends typeof Review$rating ? Review.rating :
    T extends typeof Review$book ? Review.book :
    T extends typeof Review$user ? Review.user :
    T extends typeof Review$title ? Review.title :
    T extends typeof Review$details ? Review.details :
    T extends typeof User$id ? User.id :
    T extends typeof User$author ? User.author :
    T extends typeof User$name ? User.name :
    T extends typeof User$reviews ? User.reviews :
    never
}"
`;
