// Jest Snapshot v1, https://goo.gl/fbAQLP

exports[` 1`] = `
"type ABC =
  | \\"A\\"
  | \\"B\\"
  | \\"C\\"
type OnlyOneOption =
  | \\"JustThis\\"
type Letter =
  | \\"A\\"
  | \\"B\\"
  | \\"C\\"
  | \\"D\\"
  | \\"E\\"
  | \\"F\\"
  | \\"G\\"
  | \\"H\\"
  | \\"I\\"
  | \\"J\\"
  | \\"K\\"
  | \\"L\\"
  | \\"M\\"
  | \\"N\\"
  | \\"O\\"
  | \\"P\\"
  | \\"Q\\"
  | \\"R\\"
  | \\"S\\"
  | \\"T\\"
  | \\"U\\"
  | \\"V\\"
  | \\"W\\"
  | \\"X\\"
  | \\"Y\\"
  | \\"Z\\"
type AlphaNum =
  | \\"C1\\"
  | \\"P2\\"
  | \\"P3\\"
  | \\"C4\\"
  | \\"P5\\"
  | \\"C6\\"
  | \\"P7\\"
  | \\"C8\\"
  | \\"C9\\"
  | \\"C10\\"
type Underscores =
  | \\"_\\"
  | \\"__\\"
  | \\"___\\"
  | \\"____\\"
  | \\"_____\\""
`;
