// Jest Snapshot v1, https://goo.gl/fbAQLP

exports[`stringifyInputTypes.gql * 1`] = `
"export interface Mandatory {
  a: $$Scalars[\\"String\\"],
  b: $$Scalars[\\"Int\\"],
  c: Fraction,
}

export interface MandatoryList {
  a: $$Scalars[\\"String\\"][],
  b: $$Scalars[\\"Int\\"][],
  c: Fraction[],
}

export interface Nullable {
  a?: ($$Scalars[\\"String\\"] | null | undefined),
  b?: ($$Scalars[\\"Int\\"] | null | undefined),
  c?: (Fraction | null | undefined),
}

export interface NullableListOfMandatory {
  a?: ($$Scalars[\\"String\\"][] | null | undefined),
  b?: ($$Scalars[\\"Int\\"][] | null | undefined),
  c?: (Fraction[] | null | undefined),
}

export interface MandatoryListOfNullable {
  a: ($$Scalars[\\"String\\"] | null | undefined)[],
  b: ($$Scalars[\\"Int\\"] | null | undefined)[],
  c: (Fraction | null | undefined)[],
}

export interface NullableList {
  a?: (($$Scalars[\\"String\\"] | null | undefined)[] | null | undefined),
  b?: (($$Scalars[\\"Int\\"] | null | undefined)[] | null | undefined),
  c?: ((Fraction | null | undefined)[] | null | undefined),
}

export interface List2D {
  a: $$Scalars[\\"String\\"][][],
  b: $$Scalars[\\"Int\\"][][],
  c: Fraction[][],
}

export interface Fraction {
  numerator: $$Scalars[\\"Int\\"],
  denominator: $$Scalars[\\"Int\\"],
}"
`;

exports[`stringifyInputTypes.gql Fraction 1`] = `
"{
  numerator: $$Scalars[\\"Int\\"],
  denominator: $$Scalars[\\"Int\\"],
}"
`;

exports[`stringifyInputTypes.gql List2D 1`] = `
"{
  a: $$Scalars[\\"String\\"][][],
  b: $$Scalars[\\"Int\\"][][],
  c: Fraction[][],
}"
`;

exports[`stringifyInputTypes.gql Mandatory 1`] = `
"{
  a: $$Scalars[\\"String\\"],
  b: $$Scalars[\\"Int\\"],
  c: Fraction,
}"
`;

exports[`stringifyInputTypes.gql MandatoryList 1`] = `
"{
  a: $$Scalars[\\"String\\"][],
  b: $$Scalars[\\"Int\\"][],
  c: Fraction[],
}"
`;

exports[`stringifyInputTypes.gql MandatoryListOfNullable 1`] = `
"{
  a: ($$Scalars[\\"String\\"] | null | undefined)[],
  b: ($$Scalars[\\"Int\\"] | null | undefined)[],
  c: (Fraction | null | undefined)[],
}"
`;

exports[`stringifyInputTypes.gql Nullable 1`] = `
"{
  a?: ($$Scalars[\\"String\\"] | null | undefined),
  b?: ($$Scalars[\\"Int\\"] | null | undefined),
  c?: (Fraction | null | undefined),
}"
`;

exports[`stringifyInputTypes.gql NullableList 1`] = `
"{
  a?: (($$Scalars[\\"String\\"] | null | undefined)[] | null | undefined),
  b?: (($$Scalars[\\"Int\\"] | null | undefined)[] | null | undefined),
  c?: ((Fraction | null | undefined)[] | null | undefined),
}"
`;

exports[`stringifyInputTypes.gql NullableListOfMandatory 1`] = `
"{
  a?: ($$Scalars[\\"String\\"][] | null | undefined),
  b?: ($$Scalars[\\"Int\\"][] | null | undefined),
  c?: (Fraction[] | null | undefined),
}"
`;
