// Jest Snapshot v1, https://goo.gl/fbAQLP

exports[` 1`] = `
"export type ABC = (
  | \\"A\\" | \\"B\\" | \\"C\\"
)

export type OnlyOneOption = (
  | \\"JustThis\\"
  | \\"OopsThisToo\\"
)

export type Letter = (
  | \\"A\\" | \\"B\\" | \\"C\\" | \\"D\\" | \\"E\\" | \\"F\\" | \\"G\\" | \\"H\\" | \\"I\\" | \\"J\\" | \\"K\\" | \\"L\\" | \\"M\\"
  | \\"N\\" | \\"O\\" | \\"P\\" | \\"Q\\" | \\"R\\" | \\"S\\" | \\"T\\" | \\"U\\" | \\"V\\" | \\"W\\" | \\"X\\" | \\"Y\\" | \\"Z\\"
)

export type AlphaNum = (
  | \\"C1\\"
  | \\"C10\\"
  | \\"C4\\"
  | \\"C6\\"
  | \\"C8\\"
  | \\"C9\\"
  | \\"P2\\"
  | \\"P3\\"
  | \\"P5\\"
  | \\"P7\\"
)

export type Underscores = (
  | \\"_\\"
  | \\"__\\"
  | \\"___\\"
  | \\"____\\"
  | \\"_____\\"
)

export type $$EnumDirectives = {
  ABC: {
    A: {
      vowel: {},
    },
  },
  OnlyOneOption: {},
  Letter: {
    A: {
      vowel: {},
    },
    E: {
      vowel: {},
    },
    I: {
      vowel: {},
    },
    O: {
      vowel: {},
    },
    U: {
      vowel: {},
    },
    Y: {
      vowel: {
        isY: true,
      },
    },
  },
  AlphaNum: {},
  Underscores: {},
}

export interface $$EnumTypes {
  ABC: ABC,
  OnlyOneOption: OnlyOneOption,
  Letter: Letter,
  AlphaNum: AlphaNum,
  Underscores: Underscores,
}"
`;
