// Jest Snapshot v1, https://goo.gl/fbAQLP

exports[` 1`] = `
Array [
  Object {
    "prop": "id",
    "type": "BinaryTree",
  },
  Object {
    "prop": "node",
    "type": "BinaryTree",
  },
  Object {
    "prop": "left",
    "type": "BinaryTree",
  },
  Object {
    "prop": "right",
    "type": "BinaryTree",
  },
  Object {
    "prop": "a",
    "type": "DeepOnly",
  },
  Object {
    "prop": "b",
    "type": "DeepOnly",
  },
  Object {
    "prop": "noDirectives",
    "type": "Query",
  },
  Object {
    "prop": "oneDirective",
    "type": "Query",
  },
  Object {
    "prop": "multDirectivesArgs",
    "type": "Query",
  },
  Object {
    "prop": "multDirectivesNullArgs",
    "type": "Query",
  },
  Object {
    "prop": "multDirectivesNoArgs",
    "type": "Query",
  },
  Object {
    "prop": "id",
    "type": "Recursive",
  },
  Object {
    "prop": "next",
    "type": "Recursive",
  },
  Object {
    "prop": "a",
    "type": "ShallowOnly",
  },
  Object {
    "prop": "b",
    "type": "ShallowOnly",
  },
  Object {
    "prop": "id",
    "type": "TrinaryTree",
  },
  Object {
    "prop": "node",
    "type": "TrinaryTree",
  },
  Object {
    "prop": "left",
    "type": "TrinaryTree",
  },
  Object {
    "prop": "right",
    "type": "TrinaryTree",
  },
  Object {
    "prop": "center",
    "type": "TrinaryTree",
  },
  Object {
    "prop": "id",
    "type": "WithId",
  },
]
`;

exports[` 2`] = `
Array [
  Object {
    "d": 2,
    "n": "BinaryTree",
    "s": 2,
  },
  Object {
    "d": 2,
    "n": "DeepOnly",
    "s": 0,
  },
  Object {
    "d": 4,
    "n": "Query",
    "s": 1,
  },
  Object {
    "d": 1,
    "n": "Recursive",
    "s": 1,
  },
  Object {
    "d": 0,
    "n": "ShallowOnly",
    "s": 2,
  },
  Object {
    "d": 0,
    "n": "Tree",
    "s": 0,
  },
  Object {
    "d": 3,
    "n": "TrinaryTree",
    "s": 2,
  },
  Object {
    "d": 0,
    "n": "WithId",
    "s": 1,
  },
]
`;

exports[` 3`] = `
Array [
  Object {
    "deepProps": Array [
      Object {
        "args": Array [],
        "directives": Array [],
        "id": Object {
          "prop": "left",
          "type": "BinaryTree",
        },
        "loc": Object {
          "end": 1138,
          "start": 1122,
        },
        "shallow": false,
        "type": "BinaryTree",
        "wrap": [Function],
        "wrapHKT": "$$Optional<$$Identity>",
      },
      Object {
        "args": Array [],
        "directives": Array [],
        "id": Object {
          "prop": "right",
          "type": "BinaryTree",
        },
        "loc": Object {
          "end": 1158,
          "start": 1141,
        },
        "shallow": false,
        "type": "BinaryTree",
        "wrap": [Function],
        "wrapHKT": "$$Optional<$$Identity>",
      },
    ],
    "implements": Array [
      "WithId",
    ],
    "isBase": false,
    "props": Array [
      Object {
        "args": Array [],
        "directives": Array [],
        "id": Object {
          "prop": "id",
          "type": "BinaryTree",
        },
        "loc": Object {
          "end": 1103,
          "start": 1096,
        },
        "shallow": true,
        "type": "ID",
        "wrap": [Function],
        "wrapHKT": "$$Identity",
      },
      Object {
        "args": Array [],
        "directives": Array [],
        "id": Object {
          "prop": "left",
          "type": "BinaryTree",
        },
        "loc": Object {
          "end": 1138,
          "start": 1122,
        },
        "shallow": false,
        "type": "BinaryTree",
        "wrap": [Function],
        "wrapHKT": "$$Optional<$$Identity>",
      },
      Object {
        "args": Array [],
        "directives": Array [],
        "id": Object {
          "prop": "node",
          "type": "BinaryTree",
        },
        "loc": Object {
          "end": 1119,
          "start": 1106,
        },
        "shallow": true,
        "type": "String",
        "wrap": [Function],
        "wrapHKT": "$$Identity",
      },
      Object {
        "args": Array [],
        "directives": Array [],
        "id": Object {
          "prop": "right",
          "type": "BinaryTree",
        },
        "loc": Object {
          "end": 1158,
          "start": 1141,
        },
        "shallow": false,
        "type": "BinaryTree",
        "wrap": [Function],
        "wrapHKT": "$$Optional<$$Identity>",
      },
    ],
    "shallowProps": Array [
      Object {
        "args": Array [],
        "directives": Array [],
        "id": Object {
          "prop": "id",
          "type": "BinaryTree",
        },
        "loc": Object {
          "end": 1103,
          "start": 1096,
        },
        "shallow": true,
        "type": "ID",
        "wrap": [Function],
        "wrapHKT": "$$Identity",
      },
      Object {
        "args": Array [],
        "directives": Array [],
        "id": Object {
          "prop": "node",
          "type": "BinaryTree",
        },
        "loc": Object {
          "end": 1119,
          "start": 1106,
        },
        "shallow": true,
        "type": "String",
        "wrap": [Function],
        "wrapHKT": "$$Identity",
      },
    ],
    "type": "BinaryTree",
    "unions": Array [],
  },
  Object {
    "deepProps": Array [
      Object {
        "args": Array [],
        "directives": Array [],
        "id": Object {
          "prop": "a",
          "type": "DeepOnly",
        },
        "loc": Object {
          "end": 967,
          "start": 952,
        },
        "shallow": false,
        "type": "ShallowOnly",
        "wrap": [Function],
        "wrapHKT": "$$Identity",
      },
      Object {
        "args": Array [],
        "directives": Array [],
        "id": Object {
          "prop": "b",
          "type": "DeepOnly",
        },
        "loc": Object {
          "end": 987,
          "start": 970,
        },
        "shallow": false,
        "type": "ShallowOnly",
        "wrap": [Function],
        "wrapHKT": "$$Array<$$Optional<$$Identity>>",
      },
    ],
    "implements": Array [],
    "isBase": false,
    "props": Array [
      Object {
        "args": Array [],
        "directives": Array [],
        "id": Object {
          "prop": "a",
          "type": "DeepOnly",
        },
        "loc": Object {
          "end": 967,
          "start": 952,
        },
        "shallow": false,
        "type": "ShallowOnly",
        "wrap": [Function],
        "wrapHKT": "$$Identity",
      },
      Object {
        "args": Array [],
        "directives": Array [],
        "id": Object {
          "prop": "b",
          "type": "DeepOnly",
        },
        "loc": Object {
          "end": 987,
          "start": 970,
        },
        "shallow": false,
        "type": "ShallowOnly",
        "wrap": [Function],
        "wrapHKT": "$$Array<$$Optional<$$Identity>>",
      },
    ],
    "shallowProps": Array [],
    "type": "DeepOnly",
    "unions": Array [],
  },
  Object {
    "deepProps": Array [
      Object {
        "args": Array [],
        "directives": Array [
          Object {
            "arguments": Array [
              Object {
                "kind": "Argument",
                "loc": Object {
                  "end": 410,
                  "start": 401,
                },
                "name": Object {
                  "kind": "Name",
                  "loc": Object {
                    "end": 402,
                    "start": 401,
                  },
                  "value": "a",
                },
                "value": Object {
                  "block": false,
                  "kind": "StringValue",
                  "loc": Object {
                    "end": 410,
                    "start": 404,
                  },
                  "value": "test",
                },
              },
              Object {
                "kind": "Argument",
                "loc": Object {
                  "end": 420,
                  "start": 412,
                },
                "name": Object {
                  "kind": "Name",
                  "loc": Object {
                    "end": 413,
                    "start": 412,
                  },
                  "value": "b",
                },
                "value": Object {
                  "kind": "IntValue",
                  "loc": Object {
                    "end": 420,
                    "start": 415,
                  },
                  "value": "12345",
                },
              },
            ],
            "kind": "Directive",
            "loc": Object {
              "end": 421,
              "start": 390,
            },
            "name": Object {
              "kind": "Name",
              "loc": Object {
                "end": 400,
                "start": 391,
              },
              "value": "scalarArg",
            },
          },
          Object {
            "arguments": Array [
              Object {
                "kind": "Argument",
                "loc": Object {
                  "end": 470,
                  "start": 434,
                },
                "name": Object {
                  "kind": "Name",
                  "loc": Object {
                    "end": 435,
                    "start": 434,
                  },
                  "value": "a",
                },
                "value": Object {
                  "fields": Array [
                    Object {
                      "kind": "ObjectField",
                      "loc": Object {
                        "end": 443,
                        "start": 439,
                      },
                      "name": Object {
                        "kind": "Name",
                        "loc": Object {
                          "end": 440,
                          "start": 439,
                        },
                        "value": "x",
                      },
                      "value": Object {
                        "kind": "IntValue",
                        "loc": Object {
                          "end": 443,
                          "start": 442,
                        },
                        "value": "5",
                      },
                    },
                    Object {
                      "kind": "ObjectField",
                      "loc": Object {
                        "end": 455,
                        "start": 445,
                      },
                      "name": Object {
                        "kind": "Name",
                        "loc": Object {
                          "end": 446,
                          "start": 445,
                        },
                        "value": "y",
                      },
                      "value": Object {
                        "kind": "ListValue",
                        "loc": Object {
                          "end": 455,
                          "start": 448,
                        },
                        "values": Array [
                          Object {
                            "kind": "IntValue",
                            "loc": Object {
                              "end": 450,
                              "start": 449,
                            },
                            "value": "1",
                          },
                          Object {
                            "kind": "IntValue",
                            "loc": Object {
                              "end": 452,
                              "start": 451,
                            },
                            "value": "2",
                          },
                          Object {
                            "kind": "IntValue",
                            "loc": Object {
                              "end": 454,
                              "start": 453,
                            },
                            "value": "3",
                          },
                        ],
                      },
                    },
                    Object {
                      "kind": "ObjectField",
                      "loc": Object {
                        "end": 468,
                        "start": 457,
                      },
                      "name": Object {
                        "kind": "Name",
                        "loc": Object {
                          "end": 458,
                          "start": 457,
                        },
                        "value": "z",
                      },
                      "value": Object {
                        "fields": Array [
                          Object {
                            "kind": "ObjectField",
                            "loc": Object {
                              "end": 466,
                              "start": 462,
                            },
                            "name": Object {
                              "kind": "Name",
                              "loc": Object {
                                "end": 463,
                                "start": 462,
                              },
                              "value": "x",
                            },
                            "value": Object {
                              "kind": "IntValue",
                              "loc": Object {
                                "end": 466,
                                "start": 465,
                              },
                              "value": "5",
                            },
                          },
                        ],
                        "kind": "ObjectValue",
                        "loc": Object {
                          "end": 468,
                          "start": 460,
                        },
                      },
                    },
                  ],
                  "kind": "ObjectValue",
                  "loc": Object {
                    "end": 470,
                    "start": 437,
                  },
                },
              },
            ],
            "kind": "Directive",
            "loc": Object {
              "end": 471,
              "start": 424,
            },
            "name": Object {
              "kind": "Name",
              "loc": Object {
                "end": 433,
                "start": 425,
              },
              "value": "inputArg",
            },
          },
          Object {
            "arguments": Array [
              Object {
                "kind": "Argument",
                "loc": Object {
                  "end": 509,
                  "start": 488,
                },
                "name": Object {
                  "kind": "Name",
                  "loc": Object {
                    "end": 489,
                    "start": 488,
                  },
                  "value": "a",
                },
                "value": Object {
                  "kind": "ListValue",
                  "loc": Object {
                    "end": 509,
                    "start": 491,
                  },
                  "values": Array [
                    Object {
                      "block": false,
                      "kind": "StringValue",
                      "loc": Object {
                        "end": 495,
                        "start": 492,
                      },
                      "value": "a",
                    },
                    Object {
                      "block": false,
                      "kind": "StringValue",
                      "loc": Object {
                        "end": 499,
                        "start": 496,
                      },
                      "value": "b",
                    },
                    Object {
                      "block": false,
                      "kind": "StringValue",
                      "loc": Object {
                        "end": 503,
                        "start": 500,
                      },
                      "value": "c",
                    },
                    Object {
                      "kind": "NullValue",
                      "loc": Object {
                        "end": 508,
                        "start": 504,
                      },
                    },
                  ],
                },
              },
            ],
            "kind": "Directive",
            "loc": Object {
              "end": 510,
              "start": 474,
            },
            "name": Object {
              "kind": "Name",
              "loc": Object {
                "end": 487,
                "start": 475,
              },
              "value": "scalarArrArg",
            },
          },
          Object {
            "arguments": Array [
              Object {
                "kind": "Argument",
                "loc": Object {
                  "end": 554,
                  "start": 526,
                },
                "name": Object {
                  "kind": "Name",
                  "loc": Object {
                    "end": 527,
                    "start": 526,
                  },
                  "value": "a",
                },
                "value": Object {
                  "kind": "ListValue",
                  "loc": Object {
                    "end": 554,
                    "start": 529,
                  },
                  "values": Array [
                    Object {
                      "fields": Array [
                        Object {
                          "kind": "ObjectField",
                          "loc": Object {
                            "end": 534,
                            "start": 531,
                          },
                          "name": Object {
                            "kind": "Name",
                            "loc": Object {
                              "end": 532,
                              "start": 531,
                            },
                            "value": "x",
                          },
                          "value": Object {
                            "kind": "IntValue",
                            "loc": Object {
                              "end": 534,
                              "start": 533,
                            },
                            "value": "5",
                          },
                        },
                      ],
                      "kind": "ObjectValue",
                      "loc": Object {
                        "end": 535,
                        "start": 530,
                      },
                    },
                    Object {
                      "fields": Array [
                        Object {
                          "kind": "ObjectField",
                          "loc": Object {
                            "end": 540,
                            "start": 537,
                          },
                          "name": Object {
                            "kind": "Name",
                            "loc": Object {
                              "end": 538,
                              "start": 537,
                            },
                            "value": "x",
                          },
                          "value": Object {
                            "kind": "IntValue",
                            "loc": Object {
                              "end": 540,
                              "start": 539,
                            },
                            "value": "6",
                          },
                        },
                      ],
                      "kind": "ObjectValue",
                      "loc": Object {
                        "end": 541,
                        "start": 536,
                      },
                    },
                    Object {
                      "fields": Array [
                        Object {
                          "kind": "ObjectField",
                          "loc": Object {
                            "end": 552,
                            "start": 543,
                          },
                          "name": Object {
                            "kind": "Name",
                            "loc": Object {
                              "end": 544,
                              "start": 543,
                            },
                            "value": "y",
                          },
                          "value": Object {
                            "kind": "ListValue",
                            "loc": Object {
                              "end": 552,
                              "start": 545,
                            },
                            "values": Array [
                              Object {
                                "kind": "IntValue",
                                "loc": Object {
                                  "end": 547,
                                  "start": 546,
                                },
                                "value": "1",
                              },
                              Object {
                                "kind": "IntValue",
                                "loc": Object {
                                  "end": 549,
                                  "start": 548,
                                },
                                "value": "2",
                              },
                              Object {
                                "kind": "IntValue",
                                "loc": Object {
                                  "end": 551,
                                  "start": 550,
                                },
                                "value": "3",
                              },
                            ],
                          },
                        },
                      ],
                      "kind": "ObjectValue",
                      "loc": Object {
                        "end": 553,
                        "start": 542,
                      },
                    },
                  ],
                },
              },
            ],
            "kind": "Directive",
            "loc": Object {
              "end": 555,
              "start": 513,
            },
            "name": Object {
              "kind": "Name",
              "loc": Object {
                "end": 525,
                "start": 514,
              },
              "value": "inputArrArg",
            },
          },
        ],
        "id": Object {
          "prop": "multDirectivesArgs",
          "type": "Query",
        },
        "loc": Object {
          "end": 555,
          "start": 362,
        },
        "shallow": false,
        "type": "Tree",
        "wrap": [Function],
        "wrapHKT": "$$Identity",
      },
      Object {
        "args": Array [],
        "directives": Array [
          Object {
            "arguments": Array [],
            "kind": "Directive",
            "loc": Object {
              "end": 738,
              "start": 731,
            },
            "name": Object {
              "kind": "Name",
              "loc": Object {
                "end": 738,
                "start": 732,
              },
              "value": "noArgs",
            },
          },
          Object {
            "arguments": Array [],
            "kind": "Directive",
            "loc": Object {
              "end": 751,
              "start": 741,
            },
            "name": Object {
              "kind": "Name",
              "loc": Object {
                "end": 751,
                "start": 742,
              },
              "value": "scalarArg",
            },
          },
          Object {
            "arguments": Array [],
            "kind": "Directive",
            "loc": Object {
              "end": 763,
              "start": 754,
            },
            "name": Object {
              "kind": "Name",
              "loc": Object {
                "end": 763,
                "start": 755,
              },
              "value": "inputArg",
            },
          },
          Object {
            "arguments": Array [],
            "kind": "Directive",
            "loc": Object {
              "end": 779,
              "start": 766,
            },
            "name": Object {
              "kind": "Name",
              "loc": Object {
                "end": 779,
                "start": 767,
              },
              "value": "scalarArrArg",
            },
          },
          Object {
            "arguments": Array [],
            "kind": "Directive",
            "loc": Object {
              "end": 794,
              "start": 782,
            },
            "name": Object {
              "kind": "Name",
              "loc": Object {
                "end": 794,
                "start": 783,
              },
              "value": "inputArrArg",
            },
          },
        ],
        "id": Object {
          "prop": "multDirectivesNoArgs",
          "type": "Query",
        },
        "loc": Object {
          "end": 794,
          "start": 695,
        },
        "shallow": false,
        "type": "ShallowOnly",
        "wrap": [Function],
        "wrapHKT": "$$Optional<$$Identity>",
      },
      Object {
        "args": Array [],
        "directives": Array [
          Object {
            "arguments": Array [
              Object {
                "kind": "Argument",
                "loc": Object {
                  "end": 612,
                  "start": 605,
                },
                "name": Object {
                  "kind": "Name",
                  "loc": Object {
                    "end": 606,
                    "start": 605,
                  },
                  "value": "a",
                },
                "value": Object {
                  "kind": "NullValue",
                  "loc": Object {
                    "end": 612,
                    "start": 608,
                  },
                },
              },
              Object {
                "kind": "Argument",
                "loc": Object {
                  "end": 621,
                  "start": 614,
                },
                "name": Object {
                  "kind": "Name",
                  "loc": Object {
                    "end": 615,
                    "start": 614,
                  },
                  "value": "b",
                },
                "value": Object {
                  "kind": "NullValue",
                  "loc": Object {
                    "end": 621,
                    "start": 617,
                  },
                },
              },
            ],
            "kind": "Directive",
            "loc": Object {
              "end": 622,
              "start": 594,
            },
            "name": Object {
              "kind": "Name",
              "loc": Object {
                "end": 604,
                "start": 595,
              },
              "value": "scalarArg",
            },
          },
          Object {
            "arguments": Array [
              Object {
                "kind": "Argument",
                "loc": Object {
                  "end": 642,
                  "start": 635,
                },
                "name": Object {
                  "kind": "Name",
                  "loc": Object {
                    "end": 636,
                    "start": 635,
                  },
                  "value": "a",
                },
                "value": Object {
                  "kind": "NullValue",
                  "loc": Object {
                    "end": 642,
                    "start": 638,
                  },
                },
              },
            ],
            "kind": "Directive",
            "loc": Object {
              "end": 643,
              "start": 625,
            },
            "name": Object {
              "kind": "Name",
              "loc": Object {
                "end": 634,
                "start": 626,
              },
              "value": "inputArg",
            },
          },
          Object {
            "arguments": Array [
              Object {
                "kind": "Argument",
                "loc": Object {
                  "end": 667,
                  "start": 660,
                },
                "name": Object {
                  "kind": "Name",
                  "loc": Object {
                    "end": 661,
                    "start": 660,
                  },
                  "value": "a",
                },
                "value": Object {
                  "kind": "NullValue",
                  "loc": Object {
                    "end": 667,
                    "start": 663,
                  },
                },
              },
            ],
            "kind": "Directive",
            "loc": Object {
              "end": 668,
              "start": 646,
            },
            "name": Object {
              "kind": "Name",
              "loc": Object {
                "end": 659,
                "start": 647,
              },
              "value": "scalarArrArg",
            },
          },
          Object {
            "arguments": Array [
              Object {
                "kind": "Argument",
                "loc": Object {
                  "end": 691,
                  "start": 684,
                },
                "name": Object {
                  "kind": "Name",
                  "loc": Object {
                    "end": 685,
                    "start": 684,
                  },
                  "value": "a",
                },
                "value": Object {
                  "kind": "NullValue",
                  "loc": Object {
                    "end": 691,
                    "start": 687,
                  },
                },
              },
            ],
            "kind": "Directive",
            "loc": Object {
              "end": 692,
              "start": 671,
            },
            "name": Object {
              "kind": "Name",
              "loc": Object {
                "end": 683,
                "start": 672,
              },
              "value": "inputArrArg",
            },
          },
        ],
        "id": Object {
          "prop": "multDirectivesNullArgs",
          "type": "Query",
        },
        "loc": Object {
          "end": 692,
          "start": 558,
        },
        "shallow": false,
        "type": "DeepOnly",
        "wrap": [Function],
        "wrapHKT": "$$Identity",
      },
      Object {
        "args": Array [],
        "directives": Array [],
        "id": Object {
          "prop": "noDirectives",
          "type": "Query",
        },
        "loc": Object {
          "end": 312,
          "start": 285,
        },
        "shallow": false,
        "type": "Recursive",
        "wrap": [Function],
        "wrapHKT": "$$Array<$$Identity>",
      },
    ],
    "implements": Array [],
    "isBase": false,
    "props": Array [
      Object {
        "args": Array [],
        "directives": Array [
          Object {
            "arguments": Array [
              Object {
                "kind": "Argument",
                "loc": Object {
                  "end": 410,
                  "start": 401,
                },
                "name": Object {
                  "kind": "Name",
                  "loc": Object {
                    "end": 402,
                    "start": 401,
                  },
                  "value": "a",
                },
                "value": Object {
                  "block": false,
                  "kind": "StringValue",
                  "loc": Object {
                    "end": 410,
                    "start": 404,
                  },
                  "value": "test",
                },
              },
              Object {
                "kind": "Argument",
                "loc": Object {
                  "end": 420,
                  "start": 412,
                },
                "name": Object {
                  "kind": "Name",
                  "loc": Object {
                    "end": 413,
                    "start": 412,
                  },
                  "value": "b",
                },
                "value": Object {
                  "kind": "IntValue",
                  "loc": Object {
                    "end": 420,
                    "start": 415,
                  },
                  "value": "12345",
                },
              },
            ],
            "kind": "Directive",
            "loc": Object {
              "end": 421,
              "start": 390,
            },
            "name": Object {
              "kind": "Name",
              "loc": Object {
                "end": 400,
                "start": 391,
              },
              "value": "scalarArg",
            },
          },
          Object {
            "arguments": Array [
              Object {
                "kind": "Argument",
                "loc": Object {
                  "end": 470,
                  "start": 434,
                },
                "name": Object {
                  "kind": "Name",
                  "loc": Object {
                    "end": 435,
                    "start": 434,
                  },
                  "value": "a",
                },
                "value": Object {
                  "fields": Array [
                    Object {
                      "kind": "ObjectField",
                      "loc": Object {
                        "end": 443,
                        "start": 439,
                      },
                      "name": Object {
                        "kind": "Name",
                        "loc": Object {
                          "end": 440,
                          "start": 439,
                        },
                        "value": "x",
                      },
                      "value": Object {
                        "kind": "IntValue",
                        "loc": Object {
                          "end": 443,
                          "start": 442,
                        },
                        "value": "5",
                      },
                    },
                    Object {
                      "kind": "ObjectField",
                      "loc": Object {
                        "end": 455,
                        "start": 445,
                      },
                      "name": Object {
                        "kind": "Name",
                        "loc": Object {
                          "end": 446,
                          "start": 445,
                        },
                        "value": "y",
                      },
                      "value": Object {
                        "kind": "ListValue",
                        "loc": Object {
                          "end": 455,
                          "start": 448,
                        },
                        "values": Array [
                          Object {
                            "kind": "IntValue",
                            "loc": Object {
                              "end": 450,
                              "start": 449,
                            },
                            "value": "1",
                          },
                          Object {
                            "kind": "IntValue",
                            "loc": Object {
                              "end": 452,
                              "start": 451,
                            },
                            "value": "2",
                          },
                          Object {
                            "kind": "IntValue",
                            "loc": Object {
                              "end": 454,
                              "start": 453,
                            },
                            "value": "3",
                          },
                        ],
                      },
                    },
                    Object {
                      "kind": "ObjectField",
                      "loc": Object {
                        "end": 468,
                        "start": 457,
                      },
                      "name": Object {
                        "kind": "Name",
                        "loc": Object {
                          "end": 458,
                          "start": 457,
                        },
                        "value": "z",
                      },
                      "value": Object {
                        "fields": Array [
                          Object {
                            "kind": "ObjectField",
                            "loc": Object {
                              "end": 466,
                              "start": 462,
                            },
                            "name": Object {
                              "kind": "Name",
                              "loc": Object {
                                "end": 463,
                                "start": 462,
                              },
                              "value": "x",
                            },
                            "value": Object {
                              "kind": "IntValue",
                              "loc": Object {
                                "end": 466,
                                "start": 465,
                              },
                              "value": "5",
                            },
                          },
                        ],
                        "kind": "ObjectValue",
                        "loc": Object {
                          "end": 468,
                          "start": 460,
                        },
                      },
                    },
                  ],
                  "kind": "ObjectValue",
                  "loc": Object {
                    "end": 470,
                    "start": 437,
                  },
                },
              },
            ],
            "kind": "Directive",
            "loc": Object {
              "end": 471,
              "start": 424,
            },
            "name": Object {
              "kind": "Name",
              "loc": Object {
                "end": 433,
                "start": 425,
              },
              "value": "inputArg",
            },
          },
          Object {
            "arguments": Array [
              Object {
                "kind": "Argument",
                "loc": Object {
                  "end": 509,
                  "start": 488,
                },
                "name": Object {
                  "kind": "Name",
                  "loc": Object {
                    "end": 489,
                    "start": 488,
                  },
                  "value": "a",
                },
                "value": Object {
                  "kind": "ListValue",
                  "loc": Object {
                    "end": 509,
                    "start": 491,
                  },
                  "values": Array [
                    Object {
                      "block": false,
                      "kind": "StringValue",
                      "loc": Object {
                        "end": 495,
                        "start": 492,
                      },
                      "value": "a",
                    },
                    Object {
                      "block": false,
                      "kind": "StringValue",
                      "loc": Object {
                        "end": 499,
                        "start": 496,
                      },
                      "value": "b",
                    },
                    Object {
                      "block": false,
                      "kind": "StringValue",
                      "loc": Object {
                        "end": 503,
                        "start": 500,
                      },
                      "value": "c",
                    },
                    Object {
                      "kind": "NullValue",
                      "loc": Object {
                        "end": 508,
                        "start": 504,
                      },
                    },
                  ],
                },
              },
            ],
            "kind": "Directive",
            "loc": Object {
              "end": 510,
              "start": 474,
            },
            "name": Object {
              "kind": "Name",
              "loc": Object {
                "end": 487,
                "start": 475,
              },
              "value": "scalarArrArg",
            },
          },
          Object {
            "arguments": Array [
              Object {
                "kind": "Argument",
                "loc": Object {
                  "end": 554,
                  "start": 526,
                },
                "name": Object {
                  "kind": "Name",
                  "loc": Object {
                    "end": 527,
                    "start": 526,
                  },
                  "value": "a",
                },
                "value": Object {
                  "kind": "ListValue",
                  "loc": Object {
                    "end": 554,
                    "start": 529,
                  },
                  "values": Array [
                    Object {
                      "fields": Array [
                        Object {
                          "kind": "ObjectField",
                          "loc": Object {
                            "end": 534,
                            "start": 531,
                          },
                          "name": Object {
                            "kind": "Name",
                            "loc": Object {
                              "end": 532,
                              "start": 531,
                            },
                            "value": "x",
                          },
                          "value": Object {
                            "kind": "IntValue",
                            "loc": Object {
                              "end": 534,
                              "start": 533,
                            },
                            "value": "5",
                          },
                        },
                      ],
                      "kind": "ObjectValue",
                      "loc": Object {
                        "end": 535,
                        "start": 530,
                      },
                    },
                    Object {
                      "fields": Array [
                        Object {
                          "kind": "ObjectField",
                          "loc": Object {
                            "end": 540,
                            "start": 537,
                          },
                          "name": Object {
                            "kind": "Name",
                            "loc": Object {
                              "end": 538,
                              "start": 537,
                            },
                            "value": "x",
                          },
                          "value": Object {
                            "kind": "IntValue",
                            "loc": Object {
                              "end": 540,
                              "start": 539,
                            },
                            "value": "6",
                          },
                        },
                      ],
                      "kind": "ObjectValue",
                      "loc": Object {
                        "end": 541,
                        "start": 536,
                      },
                    },
                    Object {
                      "fields": Array [
                        Object {
                          "kind": "ObjectField",
                          "loc": Object {
                            "end": 552,
                            "start": 543,
                          },
                          "name": Object {
                            "kind": "Name",
                            "loc": Object {
                              "end": 544,
                              "start": 543,
                            },
                            "value": "y",
                          },
                          "value": Object {
                            "kind": "ListValue",
                            "loc": Object {
                              "end": 552,
                              "start": 545,
                            },
                            "values": Array [
                              Object {
                                "kind": "IntValue",
                                "loc": Object {
                                  "end": 547,
                                  "start": 546,
                                },
                                "value": "1",
                              },
                              Object {
                                "kind": "IntValue",
                                "loc": Object {
                                  "end": 549,
                                  "start": 548,
                                },
                                "value": "2",
                              },
                              Object {
                                "kind": "IntValue",
                                "loc": Object {
                                  "end": 551,
                                  "start": 550,
                                },
                                "value": "3",
                              },
                            ],
                          },
                        },
                      ],
                      "kind": "ObjectValue",
                      "loc": Object {
                        "end": 553,
                        "start": 542,
                      },
                    },
                  ],
                },
              },
            ],
            "kind": "Directive",
            "loc": Object {
              "end": 555,
              "start": 513,
            },
            "name": Object {
              "kind": "Name",
              "loc": Object {
                "end": 525,
                "start": 514,
              },
              "value": "inputArrArg",
            },
          },
        ],
        "id": Object {
          "prop": "multDirectivesArgs",
          "type": "Query",
        },
        "loc": Object {
          "end": 555,
          "start": 362,
        },
        "shallow": false,
        "type": "Tree",
        "wrap": [Function],
        "wrapHKT": "$$Identity",
      },
      Object {
        "args": Array [],
        "directives": Array [
          Object {
            "arguments": Array [],
            "kind": "Directive",
            "loc": Object {
              "end": 738,
              "start": 731,
            },
            "name": Object {
              "kind": "Name",
              "loc": Object {
                "end": 738,
                "start": 732,
              },
              "value": "noArgs",
            },
          },
          Object {
            "arguments": Array [],
            "kind": "Directive",
            "loc": Object {
              "end": 751,
              "start": 741,
            },
            "name": Object {
              "kind": "Name",
              "loc": Object {
                "end": 751,
                "start": 742,
              },
              "value": "scalarArg",
            },
          },
          Object {
            "arguments": Array [],
            "kind": "Directive",
            "loc": Object {
              "end": 763,
              "start": 754,
            },
            "name": Object {
              "kind": "Name",
              "loc": Object {
                "end": 763,
                "start": 755,
              },
              "value": "inputArg",
            },
          },
          Object {
            "arguments": Array [],
            "kind": "Directive",
            "loc": Object {
              "end": 779,
              "start": 766,
            },
            "name": Object {
              "kind": "Name",
              "loc": Object {
                "end": 779,
                "start": 767,
              },
              "value": "scalarArrArg",
            },
          },
          Object {
            "arguments": Array [],
            "kind": "Directive",
            "loc": Object {
              "end": 794,
              "start": 782,
            },
            "name": Object {
              "kind": "Name",
              "loc": Object {
                "end": 794,
                "start": 783,
              },
              "value": "inputArrArg",
            },
          },
        ],
        "id": Object {
          "prop": "multDirectivesNoArgs",
          "type": "Query",
        },
        "loc": Object {
          "end": 794,
          "start": 695,
        },
        "shallow": false,
        "type": "ShallowOnly",
        "wrap": [Function],
        "wrapHKT": "$$Optional<$$Identity>",
      },
      Object {
        "args": Array [],
        "directives": Array [
          Object {
            "arguments": Array [
              Object {
                "kind": "Argument",
                "loc": Object {
                  "end": 612,
                  "start": 605,
                },
                "name": Object {
                  "kind": "Name",
                  "loc": Object {
                    "end": 606,
                    "start": 605,
                  },
                  "value": "a",
                },
                "value": Object {
                  "kind": "NullValue",
                  "loc": Object {
                    "end": 612,
                    "start": 608,
                  },
                },
              },
              Object {
                "kind": "Argument",
                "loc": Object {
                  "end": 621,
                  "start": 614,
                },
                "name": Object {
                  "kind": "Name",
                  "loc": Object {
                    "end": 615,
                    "start": 614,
                  },
                  "value": "b",
                },
                "value": Object {
                  "kind": "NullValue",
                  "loc": Object {
                    "end": 621,
                    "start": 617,
                  },
                },
              },
            ],
            "kind": "Directive",
            "loc": Object {
              "end": 622,
              "start": 594,
            },
            "name": Object {
              "kind": "Name",
              "loc": Object {
                "end": 604,
                "start": 595,
              },
              "value": "scalarArg",
            },
          },
          Object {
            "arguments": Array [
              Object {
                "kind": "Argument",
                "loc": Object {
                  "end": 642,
                  "start": 635,
                },
                "name": Object {
                  "kind": "Name",
                  "loc": Object {
                    "end": 636,
                    "start": 635,
                  },
                  "value": "a",
                },
                "value": Object {
                  "kind": "NullValue",
                  "loc": Object {
                    "end": 642,
                    "start": 638,
                  },
                },
              },
            ],
            "kind": "Directive",
            "loc": Object {
              "end": 643,
              "start": 625,
            },
            "name": Object {
              "kind": "Name",
              "loc": Object {
                "end": 634,
                "start": 626,
              },
              "value": "inputArg",
            },
          },
          Object {
            "arguments": Array [
              Object {
                "kind": "Argument",
                "loc": Object {
                  "end": 667,
                  "start": 660,
                },
                "name": Object {
                  "kind": "Name",
                  "loc": Object {
                    "end": 661,
                    "start": 660,
                  },
                  "value": "a",
                },
                "value": Object {
                  "kind": "NullValue",
                  "loc": Object {
                    "end": 667,
                    "start": 663,
                  },
                },
              },
            ],
            "kind": "Directive",
            "loc": Object {
              "end": 668,
              "start": 646,
            },
            "name": Object {
              "kind": "Name",
              "loc": Object {
                "end": 659,
                "start": 647,
              },
              "value": "scalarArrArg",
            },
          },
          Object {
            "arguments": Array [
              Object {
                "kind": "Argument",
                "loc": Object {
                  "end": 691,
                  "start": 684,
                },
                "name": Object {
                  "kind": "Name",
                  "loc": Object {
                    "end": 685,
                    "start": 684,
                  },
                  "value": "a",
                },
                "value": Object {
                  "kind": "NullValue",
                  "loc": Object {
                    "end": 691,
                    "start": 687,
                  },
                },
              },
            ],
            "kind": "Directive",
            "loc": Object {
              "end": 692,
              "start": 671,
            },
            "name": Object {
              "kind": "Name",
              "loc": Object {
                "end": 683,
                "start": 672,
              },
              "value": "inputArrArg",
            },
          },
        ],
        "id": Object {
          "prop": "multDirectivesNullArgs",
          "type": "Query",
        },
        "loc": Object {
          "end": 692,
          "start": 558,
        },
        "shallow": false,
        "type": "DeepOnly",
        "wrap": [Function],
        "wrapHKT": "$$Identity",
      },
      Object {
        "args": Array [],
        "directives": Array [],
        "id": Object {
          "prop": "noDirectives",
          "type": "Query",
        },
        "loc": Object {
          "end": 312,
          "start": 285,
        },
        "shallow": false,
        "type": "Recursive",
        "wrap": [Function],
        "wrapHKT": "$$Array<$$Identity>",
      },
      Object {
        "args": Array [],
        "directives": Array [
          Object {
            "arguments": Array [
              Object {
                "kind": "Argument",
                "loc": Object {
                  "end": 358,
                  "start": 347,
                },
                "name": Object {
                  "kind": "Name",
                  "loc": Object {
                    "end": 348,
                    "start": 347,
                  },
                  "value": "x",
                },
                "value": Object {
                  "block": false,
                  "kind": "StringValue",
                  "loc": Object {
                    "end": 358,
                    "start": 350,
                  },
                  "value": "string",
                },
              },
            ],
            "kind": "Directive",
            "loc": Object {
              "end": 359,
              "start": 336,
            },
            "name": Object {
              "kind": "Name",
              "loc": Object {
                "end": 346,
                "start": 337,
              },
              "value": "scalarArg",
            },
          },
        ],
        "id": Object {
          "prop": "oneDirective",
          "type": "Query",
        },
        "loc": Object {
          "end": 359,
          "start": 315,
        },
        "shallow": true,
        "type": "String",
        "wrap": [Function],
        "wrapHKT": "$$Optional<$$Identity>",
      },
    ],
    "shallowProps": Array [
      Object {
        "args": Array [],
        "directives": Array [
          Object {
            "arguments": Array [
              Object {
                "kind": "Argument",
                "loc": Object {
                  "end": 358,
                  "start": 347,
                },
                "name": Object {
                  "kind": "Name",
                  "loc": Object {
                    "end": 348,
                    "start": 347,
                  },
                  "value": "x",
                },
                "value": Object {
                  "block": false,
                  "kind": "StringValue",
                  "loc": Object {
                    "end": 358,
                    "start": 350,
                  },
                  "value": "string",
                },
              },
            ],
            "kind": "Directive",
            "loc": Object {
              "end": 359,
              "start": 336,
            },
            "name": Object {
              "kind": "Name",
              "loc": Object {
                "end": 346,
                "start": 337,
              },
              "value": "scalarArg",
            },
          },
        ],
        "id": Object {
          "prop": "oneDirective",
          "type": "Query",
        },
        "loc": Object {
          "end": 359,
          "start": 315,
        },
        "shallow": true,
        "type": "String",
        "wrap": [Function],
        "wrapHKT": "$$Optional<$$Identity>",
      },
    ],
    "type": "Query",
    "unions": Array [],
  },
  Object {
    "deepProps": Array [
      Object {
        "args": Array [],
        "directives": Array [],
        "id": Object {
          "prop": "next",
          "type": "Recursive",
        },
        "loc": Object {
          "end": 1054,
          "start": 1038,
        },
        "shallow": false,
        "type": "Recursive",
        "wrap": [Function],
        "wrapHKT": "$$Identity",
      },
    ],
    "implements": Array [
      "WithId",
    ],
    "isBase": false,
    "props": Array [
      Object {
        "args": Array [],
        "directives": Array [],
        "id": Object {
          "prop": "id",
          "type": "Recursive",
        },
        "loc": Object {
          "end": 1035,
          "start": 1028,
        },
        "shallow": true,
        "type": "ID",
        "wrap": [Function],
        "wrapHKT": "$$Identity",
      },
      Object {
        "args": Array [],
        "directives": Array [],
        "id": Object {
          "prop": "next",
          "type": "Recursive",
        },
        "loc": Object {
          "end": 1054,
          "start": 1038,
        },
        "shallow": false,
        "type": "Recursive",
        "wrap": [Function],
        "wrapHKT": "$$Identity",
      },
    ],
    "shallowProps": Array [
      Object {
        "args": Array [],
        "directives": Array [],
        "id": Object {
          "prop": "id",
          "type": "Recursive",
        },
        "loc": Object {
          "end": 1035,
          "start": 1028,
        },
        "shallow": true,
        "type": "ID",
        "wrap": [Function],
        "wrapHKT": "$$Identity",
      },
    ],
    "type": "Recursive",
    "unions": Array [],
  },
  Object {
    "deepProps": Array [],
    "implements": Array [],
    "isBase": false,
    "props": Array [
      Object {
        "args": Array [],
        "directives": Array [],
        "id": Object {
          "prop": "a",
          "type": "ShallowOnly",
        },
        "loc": Object {
          "end": 917,
          "start": 907,
        },
        "shallow": true,
        "type": "String",
        "wrap": [Function],
        "wrapHKT": "$$Identity",
      },
      Object {
        "args": Array [],
        "directives": Array [],
        "id": Object {
          "prop": "b",
          "type": "ShallowOnly",
        },
        "loc": Object {
          "end": 930,
          "start": 920,
        },
        "shallow": true,
        "type": "Number",
        "wrap": [Function],
        "wrapHKT": "$$Identity",
      },
    ],
    "shallowProps": Array [
      Object {
        "args": Array [],
        "directives": Array [],
        "id": Object {
          "prop": "a",
          "type": "ShallowOnly",
        },
        "loc": Object {
          "end": 917,
          "start": 907,
        },
        "shallow": true,
        "type": "String",
        "wrap": [Function],
        "wrapHKT": "$$Identity",
      },
      Object {
        "args": Array [],
        "directives": Array [],
        "id": Object {
          "prop": "b",
          "type": "ShallowOnly",
        },
        "loc": Object {
          "end": 930,
          "start": 920,
        },
        "shallow": true,
        "type": "Number",
        "wrap": [Function],
        "wrapHKT": "$$Identity",
      },
    ],
    "type": "ShallowOnly",
    "unions": Array [],
  },
  Object {
    "deepProps": Array [],
    "implements": Array [],
    "isBase": false,
    "props": Array [],
    "shallowProps": Array [],
    "type": "Tree",
    "unions": Array [
      "BinaryTree",
      "TrinaryTree",
    ],
  },
  Object {
    "deepProps": Array [
      Object {
        "args": Array [],
        "directives": Array [],
        "id": Object {
          "prop": "center",
          "type": "TrinaryTree",
        },
        "loc": Object {
          "end": 1287,
          "start": 1268,
        },
        "shallow": false,
        "type": "TrinaryTree",
        "wrap": [Function],
        "wrapHKT": "$$Optional<$$Identity>",
      },
      Object {
        "args": Array [],
        "directives": Array [],
        "id": Object {
          "prop": "left",
          "type": "TrinaryTree",
        },
        "loc": Object {
          "end": 1244,
          "start": 1227,
        },
        "shallow": false,
        "type": "TrinaryTree",
        "wrap": [Function],
        "wrapHKT": "$$Optional<$$Identity>",
      },
      Object {
        "args": Array [],
        "directives": Array [],
        "id": Object {
          "prop": "right",
          "type": "TrinaryTree",
        },
        "loc": Object {
          "end": 1265,
          "start": 1247,
        },
        "shallow": false,
        "type": "TrinaryTree",
        "wrap": [Function],
        "wrapHKT": "$$Optional<$$Identity>",
      },
    ],
    "implements": Array [
      "WithId",
    ],
    "isBase": false,
    "props": Array [
      Object {
        "args": Array [],
        "directives": Array [],
        "id": Object {
          "prop": "center",
          "type": "TrinaryTree",
        },
        "loc": Object {
          "end": 1287,
          "start": 1268,
        },
        "shallow": false,
        "type": "TrinaryTree",
        "wrap": [Function],
        "wrapHKT": "$$Optional<$$Identity>",
      },
      Object {
        "args": Array [],
        "directives": Array [],
        "id": Object {
          "prop": "id",
          "type": "TrinaryTree",
        },
        "loc": Object {
          "end": 1208,
          "start": 1201,
        },
        "shallow": true,
        "type": "ID",
        "wrap": [Function],
        "wrapHKT": "$$Identity",
      },
      Object {
        "args": Array [],
        "directives": Array [],
        "id": Object {
          "prop": "left",
          "type": "TrinaryTree",
        },
        "loc": Object {
          "end": 1244,
          "start": 1227,
        },
        "shallow": false,
        "type": "TrinaryTree",
        "wrap": [Function],
        "wrapHKT": "$$Optional<$$Identity>",
      },
      Object {
        "args": Array [],
        "directives": Array [],
        "id": Object {
          "prop": "node",
          "type": "TrinaryTree",
        },
        "loc": Object {
          "end": 1224,
          "start": 1211,
        },
        "shallow": true,
        "type": "String",
        "wrap": [Function],
        "wrapHKT": "$$Identity",
      },
      Object {
        "args": Array [],
        "directives": Array [],
        "id": Object {
          "prop": "right",
          "type": "TrinaryTree",
        },
        "loc": Object {
          "end": 1265,
          "start": 1247,
        },
        "shallow": false,
        "type": "TrinaryTree",
        "wrap": [Function],
        "wrapHKT": "$$Optional<$$Identity>",
      },
    ],
    "shallowProps": Array [
      Object {
        "args": Array [],
        "directives": Array [],
        "id": Object {
          "prop": "id",
          "type": "TrinaryTree",
        },
        "loc": Object {
          "end": 1208,
          "start": 1201,
        },
        "shallow": true,
        "type": "ID",
        "wrap": [Function],
        "wrapHKT": "$$Identity",
      },
      Object {
        "args": Array [],
        "directives": Array [],
        "id": Object {
          "prop": "node",
          "type": "TrinaryTree",
        },
        "loc": Object {
          "end": 1224,
          "start": 1211,
        },
        "shallow": true,
        "type": "String",
        "wrap": [Function],
        "wrapHKT": "$$Identity",
      },
    ],
    "type": "TrinaryTree",
    "unions": Array [],
  },
  Object {
    "deepProps": Array [],
    "implements": Array [],
    "isBase": false,
    "props": Array [
      Object {
        "args": Array [],
        "directives": Array [],
        "id": Object {
          "prop": "id",
          "type": "WithId",
        },
        "loc": Object {
          "end": 882,
          "start": 875,
        },
        "shallow": true,
        "type": "ID",
        "wrap": [Function],
        "wrapHKT": "$$Identity",
      },
    ],
    "shallowProps": Array [
      Object {
        "args": Array [],
        "directives": Array [],
        "id": Object {
          "prop": "id",
          "type": "WithId",
        },
        "loc": Object {
          "end": 882,
          "start": 875,
        },
        "shallow": true,
        "type": "ID",
        "wrap": [Function],
        "wrapHKT": "$$Identity",
      },
    ],
    "type": "WithId",
    "unions": Array [
      "Recursive",
      "BinaryTree",
      "TrinaryTree",
    ],
  },
]
`;
