// Jest Snapshot v1, https://goo.gl/fbAQLP

exports[` 1`] = `
"class BinaryTree$node { private static _: any; static type = \\"BinaryTree\\"; static prop = \\"node\\"; }
class BinaryTree$left { private static _: any; static type = \\"BinaryTree\\"; static prop = \\"left\\"; }
class BinaryTree$right { private static _: any; static type = \\"BinaryTree\\"; static prop = \\"right\\"; }
class DeepOnly$a { private static _: any; static type = \\"DeepOnly\\"; static prop = \\"a\\"; }
class DeepOnly$b { private static _: any; static type = \\"DeepOnly\\"; static prop = \\"b\\"; }
class Recursive$id { private static _: any; static type = \\"Recursive\\"; static prop = \\"id\\"; }
class Recursive$next { private static _: any; static type = \\"Recursive\\"; static prop = \\"next\\"; }
class ShallowOnly$a { private static _: any; static type = \\"ShallowOnly\\"; static prop = \\"a\\"; }
class ShallowOnly$b { private static _: any; static type = \\"ShallowOnly\\"; static prop = \\"b\\"; }

export type BinaryTree$ =
  | typeof BinaryTree$node
  | $<typeof BinaryTree$left, BinaryTree$>
  | $<typeof BinaryTree$right, BinaryTree$>

export type DeepOnly$ =
  | $<typeof DeepOnly$a, ShallowOnly$>
  | $<typeof DeepOnly$b, ShallowOnly$>

export type Recursive$ =
  | typeof Recursive$id
  | $<typeof Recursive$next, Recursive$>

export type ShallowOnly$ =
  | typeof ShallowOnly$a
  | typeof ShallowOnly$b


export type $_ =
  | BinaryTree$
  | DeepOnly$
  | Recursive$
  | ShallowOnly$

const _BinaryTree = {
  node: BinaryTree$node,
};

export const BinaryTree: typeof _BinaryTree & {
  left: $$MapWrap<typeof BinaryTree, typeof BinaryTree$left>,
  right: $$MapWrap<typeof BinaryTree, typeof BinaryTree$right>,
} = {
  ..._BinaryTree,
  left: $$mapWrap(() => BinaryTree, BinaryTree$left),
  right: $$mapWrap(() => BinaryTree, BinaryTree$right),
};

export const DeepOnly: {
  a: $$MapWrap<typeof ShallowOnly, typeof DeepOnly$a>,
  b: $$MapWrap<typeof ShallowOnly, typeof DeepOnly$b>,
} = {
  a: $$mapWrap(() => ShallowOnly, DeepOnly$a),
  b: $$mapWrap(() => ShallowOnly, DeepOnly$b),
};

const _Recursive = {
  id: Recursive$id,
};

export const Recursive: typeof _Recursive & {
  next: $$MapWrap<typeof Recursive, typeof Recursive$next>,
} = {
  ..._Recursive,
  next: $$mapWrap(() => Recursive, Recursive$next),
};

export const ShallowOnly = {
  a: ShallowOnly$a,
  b: ShallowOnly$b,
};

interface $BinaryTree$node { node: String; }
interface $BinaryTree$left<F extends BinaryTree$> { left: (_$BinaryTree<Extract<F, $<typeof BinaryTree$left, BinaryTree$>>[\\"l\\"]> | null); }
interface $BinaryTree$right<F extends BinaryTree$> { right: (_$BinaryTree<Extract<F, $<typeof BinaryTree$right, BinaryTree$>>[\\"l\\"]> | null); }

type _$BinaryTree<F extends BinaryTree$> =
  & (typeof BinaryTree$node extends F ? $BinaryTree$node : {})
  & ($<typeof BinaryTree$left, any> extends F ? $BinaryTree$left<F> : {})
  & ($<typeof BinaryTree$right, any> extends F ? $BinaryTree$right<F> : {})
export type $BinaryTree<F extends BinaryTree$[]> = _$BinaryTree<F[number]>;

interface $DeepOnly$a<F extends DeepOnly$> { a: _$ShallowOnly<Extract<F, $<typeof DeepOnly$a, ShallowOnly$>>[\\"l\\"]>; }
interface $DeepOnly$b<F extends DeepOnly$> { b: (_$ShallowOnly<Extract<F, $<typeof DeepOnly$b, ShallowOnly$>>[\\"l\\"]> | null)[]; }

type _$DeepOnly<F extends DeepOnly$> =
  & ($<typeof DeepOnly$a, any> extends F ? $DeepOnly$a<F> : {})
  & ($<typeof DeepOnly$b, any> extends F ? $DeepOnly$b<F> : {})
export type $DeepOnly<F extends DeepOnly$[]> = _$DeepOnly<F[number]>;

interface $Recursive$id { id: ID; }
interface $Recursive$next<F extends Recursive$> { next: _$Recursive<Extract<F, $<typeof Recursive$next, Recursive$>>[\\"l\\"]>; }

type _$Recursive<F extends Recursive$> =
  & (typeof Recursive$id extends F ? $Recursive$id : {})
  & ($<typeof Recursive$next, any> extends F ? $Recursive$next<F> : {})
export type $Recursive<F extends Recursive$[]> = _$Recursive<F[number]>;

interface $ShallowOnly$a { a: String; }
interface $ShallowOnly$b { b: Number; }

type _$ShallowOnly<F extends ShallowOnly$> =
  & (typeof ShallowOnly$a extends F ? $ShallowOnly$a : {})
  & (typeof ShallowOnly$b extends F ? $ShallowOnly$b : {})
export type $ShallowOnly<F extends ShallowOnly$[]> = _$ShallowOnly<F[number]>;"
`;
