// Jest Snapshot v1, https://goo.gl/fbAQLP

exports[` 1`] = `
"export type BinaryTree$ = $$ObjectTypeInfoMap[\\"BinaryTree\\"][\\"Frag\\"];
export type DeepOnly$ = $$ObjectTypeInfoMap[\\"DeepOnly\\"][\\"Frag\\"];
export type Query$ = $$ObjectTypeInfoMap[\\"Query\\"][\\"Frag\\"];
export type Recursive$ = $$ObjectTypeInfoMap[\\"Recursive\\"][\\"Frag\\"];
export type ShallowOnly$ = $$ObjectTypeInfoMap[\\"ShallowOnly\\"][\\"Frag\\"];"
`;
