// Jest Snapshot v1, https://goo.gl/fbAQLP

exports[`stringifyObjectTypes.gql BinaryTree 1`] = `"export type $BinaryTree<F extends $$DeepArray<BinaryTree$>> = $$Result<\\"BinaryTree\\", $$UnwrapDeepArray<F>>"`;

exports[`stringifyObjectTypes.gql DeepOnly 1`] = `"export type $DeepOnly<F extends $$DeepArray<DeepOnly$>> = $$Result<\\"DeepOnly\\", $$UnwrapDeepArray<F>>"`;

exports[`stringifyObjectTypes.gql Query 1`] = `"export type $Query<F extends $$DeepArray<Query$>> = $$Result<\\"Query\\", $$UnwrapDeepArray<F>>"`;

exports[`stringifyObjectTypes.gql Recursive 1`] = `"export type $Recursive<F extends $$DeepArray<Recursive$>> = $$Result<\\"Recursive\\", $$UnwrapDeepArray<F>>"`;

exports[`stringifyObjectTypes.gql ShallowOnly 1`] = `"export type $ShallowOnly<F extends $$DeepArray<ShallowOnly$>> = $$Result<\\"ShallowOnly\\", $$UnwrapDeepArray<F>>"`;
