// Jest Snapshot v1, https://goo.gl/fbAQLP

exports[`stringifyObjectTypes.gql BinaryTree 1`] = `
"const _BinaryTree = {
  node: BinaryTree$node,
};

export const BinaryTree: typeof _BinaryTree & {
  left: $$MapWrap<typeof$BinaryTree, typeof BinaryTree$left>,
  right: $$MapWrap<typeof$BinaryTree, typeof BinaryTree$right>,
} = {
  ..._BinaryTree,
  left: $$mapWrap(() => BinaryTree, BinaryTree$left),
  right: $$mapWrap(() => BinaryTree, BinaryTree$right),
};

type typeof$BinaryTree = typeof BinaryTree"
`;

exports[`stringifyObjectTypes.gql DeepOnly 1`] = `
"export const DeepOnly: {
  a: $$MapWrap<typeof$ShallowOnly, typeof DeepOnly$a>,
  b: $$MapWrap<typeof$ShallowOnly, typeof DeepOnly$b>,
} = {
  a: $$mapWrap(() => ShallowOnly, DeepOnly$a),
  b: $$mapWrap(() => ShallowOnly, DeepOnly$b),
};"
`;

exports[`stringifyObjectTypes.gql Recursive 1`] = `
"const _Recursive = {
  id: Recursive$id,
};

export const Recursive: typeof _Recursive & {
  next: $$MapWrap<typeof$Recursive, typeof Recursive$next>,
} = {
  ..._Recursive,
  next: $$mapWrap(() => Recursive, Recursive$next),
};

type typeof$Recursive = typeof Recursive"
`;

exports[`stringifyObjectTypes.gql ShallowOnly 1`] = `
"export const ShallowOnly = {
  a: ShallowOnly$a,
  b: ShallowOnly$b,
};"
`;
