// Jest Snapshot v1, https://goo.gl/fbAQLP

exports[` 1`] = `
"export type BinaryTree$ =
  | typeof BinaryTree$node
  | $<typeof BinaryTree$left, BinaryTree$>
  | $<typeof BinaryTree$right, BinaryTree$>

export type DeepOnly$ =
  | $<typeof DeepOnly$a, ShallowOnly$>
  | $<typeof DeepOnly$b, ShallowOnly$>

export type Recursive$ =
  | typeof Recursive$id
  | $<typeof Recursive$next, Recursive$>

export type ShallowOnly$ =
  | typeof ShallowOnly$a
  | typeof ShallowOnly$b


export type $_ =
  | BinaryTree$
  | DeepOnly$
  | Recursive$
  | ShallowOnly$"
`;
