// Jest Snapshot v1, https://goo.gl/fbAQLP

exports[`extensive.gql Author 1`] = `
"const _Author = {
  id: Author$id,
  name: Author$name,
  rating: Author$rating,
};

const Author: typeof _Author & {
  books: $$MapWrap<typeof Book, typeof Author$books>,
  favoriteBook: $$MapWrap<typeof Book, typeof Author$favoriteBook>,
} = {
  ..._Author,
  books: $$mapWrap(() => Book, Author$books),
  favoriteBook: $$mapWrap(() => Book, Author$favoriteBook),
}"
`;

exports[`extensive.gql Book 1`] = `
"const _Book = {
  categories: Book$categories,
  description: Book$description,
  id: Book$id,
  rating: Book$rating,
  title: Book$title,
};

const Book: typeof _Book & {
  author: $$MapWrap<typeof Author, typeof Book$author>,
  reviews: $$MapWrap<typeof Review, typeof Book$reviews>,
} = {
  ..._Book,
  author: $$mapWrap(() => Author, Book$author),
  reviews: $$mapWrap(() => Review, Book$reviews),
}"
`;

exports[`extensive.gql Review 1`] = `
"const _Review = {
  details: Review$details,
  id: Review$id,
  rating: Review$rating,
  title: Review$title,
};

const Review: typeof _Review & {
  book: $$MapWrap<typeof Book, typeof Review$book>,
  user: $$MapWrap<typeof User, typeof Review$user>,
} = {
  ..._Review,
  book: $$mapWrap(() => Book, Review$book),
  user: $$mapWrap(() => User, Review$user),
}"
`;

exports[`extensive.gql User 1`] = `
"const _User = {
  id: User$id,
  name: User$name,
};

const User: typeof _User & {
  author: $$MapWrap<typeof Author, typeof User$author>,
  reviews: $$MapWrap<typeof Review, typeof User$reviews>,
} = {
  ..._User,
  author: $$mapWrap(() => Author, User$author),
  reviews: $$mapWrap(() => Review, User$reviews),
}"
`;
