// Jest Snapshot v1, https://goo.gl/fbAQLP

exports[` 1`] = `
"class BinaryTree$node { private static _: any; static type = \\"BinaryTree\\"; static prop = \\"node\\"; }
class BinaryTree$left { private static _: any; static type = \\"BinaryTree\\"; static prop = \\"left\\"; }
class BinaryTree$right { private static _: any; static type = \\"BinaryTree\\"; static prop = \\"right\\"; }
class DeepOnly$a { private static _: any; static type = \\"DeepOnly\\"; static prop = \\"a\\"; }
class DeepOnly$b { private static _: any; static type = \\"DeepOnly\\"; static prop = \\"b\\"; }
class Recursive$id { private static _: any; static type = \\"Recursive\\"; static prop = \\"id\\"; }
class Recursive$next { private static _: any; static type = \\"Recursive\\"; static prop = \\"next\\"; }
class ShallowOnly$a { private static _: any; static type = \\"ShallowOnly\\"; static prop = \\"a\\"; }
class ShallowOnly$b { private static _: any; static type = \\"ShallowOnly\\"; static prop = \\"b\\"; }"
`;
